Component: ARM Compiler 5.06 update 6 (build 750) Tool: armlink [4d35ed]

==============================================================================

Section Cross References

    startup_stm32f103xb.o(STACK) refers (Special) to heapauxi.o(.text) for __use_two_region_memory
    startup_stm32f103xb.o(HEAP) refers (Special) to heapauxi.o(.text) for __use_two_region_memory
    startup_stm32f103xb.o(RESET) refers (Special) to heapauxi.o(.text) for __use_two_region_memory
    startup_stm32f103xb.o(RESET) refers to startup_stm32f103xb.o(STACK) for __initial_sp
    startup_stm32f103xb.o(RESET) refers to startup_stm32f103xb.o(.text) for Reset_Handler
    startup_stm32f103xb.o(RESET) refers to stm32f1xx_it.o(i.NMI_Handler) for NMI_Handler
    startup_stm32f103xb.o(RESET) refers to stm32f1xx_it.o(i.HardFault_Handler) for HardFault_Handler
    startup_stm32f103xb.o(RESET) refers to stm32f1xx_it.o(i.MemManage_Handler) for MemManage_Handler
    startup_stm32f103xb.o(RESET) refers to stm32f1xx_it.o(i.BusFault_Handler) for BusFault_Handler
    startup_stm32f103xb.o(RESET) refers to stm32f1xx_it.o(i.UsageFault_Handler) for UsageFault_Handler
    startup_stm32f103xb.o(RESET) refers to stm32f1xx_it.o(i.SVC_Handler) for SVC_Handler
    startup_stm32f103xb.o(RESET) refers to stm32f1xx_it.o(i.DebugMon_Handler) for DebugMon_Handler
    startup_stm32f103xb.o(RESET) refers to stm32f1xx_it.o(i.PendSV_Handler) for PendSV_Handler
    startup_stm32f103xb.o(RESET) refers to stm32f1xx_it.o(i.SysTick_Handler) for SysTick_Handler
    startup_stm32f103xb.o(RESET) refers to stm32f1xx_it.o(i.TIM2_IRQHandler) for TIM2_IRQHandler
    startup_stm32f103xb.o(.text) refers (Special) to heapauxi.o(.text) for __use_two_region_memory
    startup_stm32f103xb.o(.text) refers to system_stm32f1xx.o(i.SystemInit) for SystemInit
    startup_stm32f103xb.o(.text) refers to __main.o(!!!main) for __main
    startup_stm32f103xb.o(.text) refers to startup_stm32f103xb.o(HEAP) for Heap_Mem
    startup_stm32f103xb.o(.text) refers to startup_stm32f103xb.o(STACK) for Stack_Mem
    main.o(i.ADC_Select_CH) refers to stm32f1xx_hal_adc.o(i.HAL_ADC_ConfigChannel) for HAL_ADC_ConfigChannel
    main.o(i.ADC_Select_CH) refers to main.o(.bss) for .bss
    main.o(i.HAL_TIM_OC_DelayElapsedCallback) refers to main.o(i.adc_scan) for adc_scan
    main.o(i.HAL_TIM_OC_DelayElapsedCallback) refers to fflt_clz.o(x$fpl$ffltu) for __aeabi_ui2f
    main.o(i.HAL_TIM_OC_DelayElapsedCallback) refers to scalbnf.o(x$fpl$scalbnf) for __ARM_scalbnf
    main.o(i.HAL_TIM_OC_DelayElapsedCallback) refers to fmul.o(x$fpl$fmul) for __aeabi_fmul
    main.o(i.HAL_TIM_OC_DelayElapsedCallback) refers to faddsub_clz.o(x$fpl$fadd) for __aeabi_fadd
    main.o(i.HAL_TIM_OC_DelayElapsedCallback) refers to ffixu.o(x$fpl$ffixu) for __aeabi_f2uiz
    main.o(i.HAL_TIM_OC_DelayElapsedCallback) refers to dflt_clz.o(x$fpl$dfltu) for __aeabi_ui2d
    main.o(i.HAL_TIM_OC_DelayElapsedCallback) refers to dmul.o(x$fpl$dmul) for __aeabi_dmul
    main.o(i.HAL_TIM_OC_DelayElapsedCallback) refers to daddsub_clz.o(x$fpl$dadd) for __aeabi_dadd
    main.o(i.HAL_TIM_OC_DelayElapsedCallback) refers to dfixu.o(x$fpl$dfixu) for __aeabi_d2uiz
    main.o(i.HAL_TIM_OC_DelayElapsedCallback) refers to fflt_clz.o(x$fpl$fflt) for __aeabi_i2f
    main.o(i.HAL_TIM_OC_DelayElapsedCallback) refers to ffix.o(x$fpl$ffix) for __aeabi_f2iz
    main.o(i.HAL_TIM_OC_DelayElapsedCallback) refers to main.o(.bss) for .bss
    main.o(i.HAL_TIM_OC_DelayElapsedCallback) refers to main.o(.data) for .data
    main.o(i.MX_ADC1_Init) refers to stm32f1xx_hal_adc.o(i.HAL_ADC_Init) for HAL_ADC_Init
    main.o(i.MX_ADC1_Init) refers to stm32f1xx_hal_adc.o(i.HAL_ADC_ConfigChannel) for HAL_ADC_ConfigChannel
    main.o(i.MX_ADC1_Init) refers to main.o(.bss) for .bss
    main.o(i.MX_GPIO_Init) refers to stm32f1xx_hal_gpio.o(i.HAL_GPIO_WritePin) for HAL_GPIO_WritePin
    main.o(i.MX_GPIO_Init) refers to stm32f1xx_hal_gpio.o(i.HAL_GPIO_Init) for HAL_GPIO_Init
    main.o(i.MX_TIM2_Init) refers to rt_memclr_w.o(.text) for __aeabi_memclr4
    main.o(i.MX_TIM2_Init) refers to stm32f1xx_hal_tim.o(i.HAL_TIM_Base_Init) for HAL_TIM_Base_Init
    main.o(i.MX_TIM2_Init) refers to stm32f1xx_hal_tim.o(i.HAL_TIM_ConfigClockSource) for HAL_TIM_ConfigClockSource
    main.o(i.MX_TIM2_Init) refers to stm32f1xx_hal_tim.o(i.HAL_TIM_PWM_Init) for HAL_TIM_PWM_Init
    main.o(i.MX_TIM2_Init) refers to stm32f1xx_hal_tim.o(i.HAL_TIM_OC_Init) for HAL_TIM_OC_Init
    main.o(i.MX_TIM2_Init) refers to stm32f1xx_hal_tim_ex.o(i.HAL_TIMEx_MasterConfigSynchronization) for HAL_TIMEx_MasterConfigSynchronization
    main.o(i.MX_TIM2_Init) refers to stm32f1xx_hal_tim.o(i.HAL_TIM_PWM_ConfigChannel) for HAL_TIM_PWM_ConfigChannel
    main.o(i.MX_TIM2_Init) refers to stm32f1xx_hal_tim.o(i.HAL_TIM_OC_ConfigChannel) for HAL_TIM_OC_ConfigChannel
    main.o(i.MX_TIM2_Init) refers to stm32f1xx_hal_msp.o(i.HAL_TIM_MspPostInit) for HAL_TIM_MspPostInit
    main.o(i.MX_TIM2_Init) refers to main.o(.bss) for .bss
[...]
    ../../../Drivers/STM32F1xx_HAL_Driver/Src/stm32f1xx_hal_cortex.c 0x00000000   Number         0  stm32f1xx_hal_cortex.o ABSOLUTE
    ../../../Drivers/STM32F1xx_HAL_Driver/Src/stm32f1xx_hal_dma.c 0x00000000   Number         0  stm32f1xx_hal_dma.o ABSOLUTE
    ../../../Drivers/STM32F1xx_HAL_Driver/Src/stm32f1xx_hal_exti.c 0x00000000   Number         0  stm32f1xx_hal_exti.o ABSOLUTE
    ../../../Drivers/STM32F1xx_HAL_Driver/Src/stm32f1xx_hal_flash.c 0x00000000   Number         0  stm32f1xx_hal_flash.o ABSOLUTE
    ../../../Drivers/STM32F1xx_HAL_Driver/Src/stm32f1xx_hal_flash_ex.c 0x00000000   Number         0  stm32f1xx_hal_flash_ex.o ABSOLUTE
    ../../../Drivers/STM32F1xx_HAL_Driver/Src/stm32f1xx_hal_gpio.c 0x00000000   Number         0  stm32f1xx_hal_gpio.o ABSOLUTE
    ../../../Drivers/STM32F1xx_HAL_Driver/Src/stm32f1xx_hal_gpio_ex.c 0x00000000   Number         0  stm32f1xx_hal_gpio_ex.o ABSOLUTE
    ../../../Drivers/STM32F1xx_HAL_Driver/Src/stm32f1xx_hal_i2c.c 0x00000000   Number         0  stm32f1xx_hal_i2c.o ABSOLUTE
    ../../../Drivers/STM32F1xx_HAL_Driver/Src/stm32f1xx_hal_pwr.c 0x00000000   Number         0  stm32f1xx_hal_pwr.o ABSOLUTE
    ../../../Drivers/STM32F1xx_HAL_Driver/Src/stm32f1xx_hal_rcc.c 0x00000000   Number         0  stm32f1xx_hal_rcc.o ABSOLUTE
    ../../../Drivers/STM32F1xx_HAL_Driver/Src/stm32f1xx_hal_rcc_ex.c 0x00000000   Number         0  stm32f1xx_hal_rcc_ex.o ABSOLUTE
    ../../../Drivers/STM32F1xx_HAL_Driver/Src/stm32f1xx_hal_tim.c 0x00000000   Number         0  stm32f1xx_hal_tim.o ABSOLUTE
    ../../../Drivers/STM32F1xx_HAL_Driver/Src/stm32f1xx_hal_tim_ex.c 0x00000000   Number         0  stm32f1xx_hal_tim_ex.o ABSOLUTE
    ../../../Drivers/STM32F1xx_HAL_Driver/Src/stm32f1xx_hal_uart.c 0x00000000   Number         0  stm32f1xx_hal_uart.o ABSOLUTE
    ../clib/angel/boardlib.s                 0x00000000   Number         0  boardshut.o ABSOLUTE
    ../clib/angel/boardlib.s                 0x00000000   Number         0  boardinit3.o ABSOLUTE
    ../clib/angel/boardlib.s                 0x00000000   Number         0  boardinit2.o ABSOLUTE
    ../clib/angel/boardlib.s                 0x00000000   Number         0  boardinit1.o ABSOLUTE
    ../clib/angel/dczerorl2.s                0x00000000   Number         0  __dczerorl2.o ABSOLUTE
    ../clib/angel/handlers.s                 0x00000000   Number         0  __scatter_zi.o ABSOLUTE
    ../clib/angel/kernel.s                   0x00000000   Number         0  __rtentry.o ABSOLUTE
    ../clib/angel/kernel.s                   0x00000000   Number         0  __rtentry4.o ABSOLUTE
    ../clib/angel/kernel.s                   0x00000000   Number         0  rtexit2.o ABSOLUTE
    ../clib/angel/kernel.s                   0x00000000   Number         0  __rtentry2.o ABSOLUTE
    ../clib/angel/kernel.s                   0x00000000   Number         0  rtexit.o ABSOLUTE
    ../clib/angel/rt.s                       0x00000000   Number         0  rt_raise.o ABSOLUTE
    ../clib/angel/scatter.s                  0x00000000   Number         0  __scatter.o ABSOLUTE
    ../clib/angel/startup.s                  0x00000000   Number         0  __main.o ABSOLUTE
    ../clib/angel/sys.s                      0x00000000   Number         0  libspace.o ABSOLUTE
    ../clib/angel/sys.s                      0x00000000   Number         0  sys_stackheap_outer.o ABSOLUTE
    ../clib/angel/sys.s                      0x00000000   Number         0  use_no_semi.o ABSOLUTE
    ../clib/angel/sys.s                      0x00000000   Number         0  indicate_semi.o ABSOLUTE
    ../clib/angel/sysapp.c                   0x00000000   Number         0  sys_wrch.o ABSOLUTE
    ../clib/angel/sysapp.c                   0x00000000   Number         0  sys_command.o ABSOLUTE
    ../clib/angel/sysapp.c                   0x00000000   Number         0  sys_exit.o ABSOLUTE
    ../clib/armsys.c                         0x00000000   Number         0  argv_veneer.o ABSOLUTE
    ../clib/armsys.c                         0x00000000   Number         0  no_argv.o ABSOLUTE
    ../clib/armsys.c                         0x00000000   Number         0  argv_veneer.o ABSOLUTE
    ../clib/armsys.c                         0x00000000   Number         0  _get_argv_nomalloc.o ABSOLUTE
    ../clib/heapalloc.c                      0x00000000   Number         0  hrguard.o ABSOLUTE
    ../clib/heapaux.c                        0x00000000   Number         0  heapauxi.o ABSOLUTE
    ../clib/libinit.s                        0x00000000   Number         0  libshutdown2.o ABSOLUTE
    ../clib/libinit.s                        0x00000000   Number         0  libinit2.o ABSOLUTE
    ../clib/libinit.s                        0x00000000   Number         0  libinit.o ABSOLUTE
    ../clib/libinit.s                        0x00000000   Number         0  libshutdown.o ABSOLUTE
    ../clib/longlong.s                       0x00000000   Number         0  llushr.o ABSOLUTE
    ../clib/memcpset.s                       0x00000000   Number         0  rt_memclr_w.o ABSOLUTE
    ../clib/signal.c                         0x00000000   Number         0  defsig_other.o ABSOLUTE
    ../clib/signal.c                         0x00000000   Number         0  defsig_rtmem_outer.o ABSOLUTE
    ../clib/signal.c                         0x00000000   Number         0  defsig_rtmem_formal.o ABSOLUTE
    ../clib/signal.c                         0x00000000   Number         0  defsig_exit.o ABSOLUTE
    ../clib/signal.c                         0x00000000   Number         0  defsig_rtmem_inner.o ABSOLUTE
    ../clib/signal.c                         0x00000000   Number         0  __raise.o ABSOLUTE
    ../clib/signal.c                         0x00000000   Number         0  defsig_general.o ABSOLUTE
    ../clib/signal.c                         0x00000000   Number         0  defsig_abrt_inner.o ABSOLUTE
    ../clib/signal.c                         0x00000000   Number         0  defsig_fpe_inner.o ABSOLUTE
    ../clib/signal.c                         0x00000000   Number         0  defsig_rtred_inner.o ABSOLUTE
    ../clib/signal.c                         0x00000000   Number         0  defsig_stak_inner.o ABSOLUTE
    ../clib/signal.c                         0x00000000   Number         0  defsig_pvfn_inner.o ABSOLUTE
    ../clib/signal.c                         0x00000000   Number         0  defsig_cppl_inner.o ABSOLUTE
    ../clib/signal.c                         0x00000000   Number         0  defsig_segv_inner.o ABSOLUTE
    ../clib/signal.s                         0x00000000   Number         0  defsig.o ABSOLUTE
    ../clib/stdlib.c                         0x00000000   Number         0  exit.o ABSOLUTE
    ../fplib/daddsub.s                       0x00000000   Number         0  daddsub_clz.o ABSOLUTE
    ../fplib/dfixu.s                         0x00000000   Number         0  dfixu.o ABSOLUTE
    ../fplib/dflt.s                          0x00000000   Number         0  dflt_clz.o ABSOLUTE
    ../fplib/dmul.s                          0x00000000   Number         0  dmul.o ABSOLUTE
    ../fplib/dnaninf.s                       0x00000000   Number         0  dnaninf.o ABSOLUTE
    ../fplib/dretinf.s                       0x00000000   Number         0  dretinf.o ABSOLUTE
    ../fplib/faddsub.s                       0x00000000   Number         0  faddsub_clz.o ABSOLUTE
    ../fplib/fcheck1.s                       0x00000000   Number         0  fcheck1.o ABSOLUTE
    ../fplib/ffix.s                          0x00000000   Number         0  ffix.o ABSOLUTE
    ../fplib/ffixu.s                         0x00000000   Number         0  ffixu.o ABSOLUTE
    ../fplib/fflt.s                          0x00000000   Number         0  fflt_clz.o ABSOLUTE
    ../fplib/fmul.s                          0x00000000   Number         0  fmul.o ABSOLUTE
    ../fplib/fnaninf.s                       0x00000000   Number         0  fnaninf.o ABSOLUTE
    ../fplib/fpinit.s                        0x00000000   Number         0  fpinit.o ABSOLUTE
    ../fplib/fretinf.s                       0x00000000   Number         0  fretinf.o ABSOLUTE
    ../fplib/retnan.s                        0x00000000   Number         0  retnan.o ABSOLUTE
    ../fplib/scalbnf.s                       0x00000000   Number         0  scalbnf.o ABSOLUTE
    ../fplib/trapv.s                         0x00000000   Number         0  trapv.o ABSOLUTE
    ../fplib/usenofp.s                       0x00000000   Number         0  usenofp.o ABSOLUTE
    ..\..\..\Core\Src\main.c                 0x00000000   Number         0  main.o ABSOLUTE
    ..\..\..\Core\Src\stm32f1xx_hal_msp.c    0x00000000   Number         0  stm32f1xx_hal_msp.o ABSOLUTE
    ..\..\..\Core\Src\stm32f1xx_it.c         0x00000000   Number         0  stm32f1xx_it.o ABSOLUTE
    ..\..\..\Core\Src\system_stm32f1xx.c     0x00000000   Number         0  system_stm32f1xx.o ABSOLUTE
    ..\..\..\Drivers\STM32F1xx_HAL_Driver\Src\stm32f1xx_hal.c 0x00000000   Number         0  stm32f1xx_hal.o ABSOLUTE
    ..\..\..\Drivers\STM32F1xx_HAL_Driver\Src\stm32f1xx_hal_adc.c 0x00000000   Number         0  stm32f1xx_hal_adc.o ABSOLUTE
    ..\..\..\Drivers\STM32F1xx_HAL_Driver\Src\stm32f1xx_hal_adc_ex.c 0x00000000   Number         0  stm32f1xx_hal_adc_ex.o ABSOLUTE
    ..\..\..\Drivers\STM32F1xx_HAL_Driver\Src\stm32f1xx_hal_cortex.c 0x00000000   Number         0  stm32f1xx_hal_cortex.o ABSOLUTE
    ..\..\..\Drivers\STM32F1xx_HAL_Driver\Src\stm32f1xx_hal_dma.c 0x00000000   Number         0  stm32f1xx_hal_dma.o ABSOLUTE
    ..\..\..\Drivers\STM32F1xx_HAL_Driver\Src\stm32f1xx_hal_exti.c 0x00000000   Number         0  stm32f1xx_hal_exti.o ABSOLUTE
    ..\..\..\Drivers\STM32F1xx_HAL_Driver\Src\stm32f1xx_hal_flash.c 0x00000000   Number         0  stm32f1xx_hal_flash.o ABSOLUTE
    ..\..\..\Drivers\STM32F1xx_HAL_Driver\Src\stm32f1xx_hal_flash_ex.c 0x00000000   Number         0  stm32f1xx_hal_flash_ex.o ABSOLUTE
    ..\..\..\Drivers\STM32F1xx_HAL_Driver\Src\stm32f1xx_hal_gpio.c 0x00000000   Number         0  stm32f1xx_hal_gpio.o ABSOLUTE
    ..\..\..\Drivers\STM32F1xx_HAL_Driver\Src\stm32f1xx_hal_gpio_ex.c 0x00000000   Number         0  stm32f1xx_hal_gpio_ex.o ABSOLUTE
    ..\..\..\Drivers\STM32F1xx_HAL_Driver\Src\stm32f1xx_hal_i2c.c 0x00000000   Number         0  stm32f1xx_hal_i2c.o ABSOLUTE
    ..\..\..\Drivers\STM32F1xx_HAL_Driver\Src\stm32f1xx_hal_pwr.c 0x00000000   Number         0  stm32f1xx_hal_pwr.o ABSOLUTE
    ..\..\..\Drivers\STM32F1xx_HAL_Driver\Src\stm32f1xx_hal_rcc.c 0x00000000   Number         0  stm32f1xx_hal_rcc.o ABSOLUTE
    ..\..\..\Drivers\STM32F1xx_HAL_Driver\Src\stm32f1xx_hal_rcc_ex.c 0x00000000   Number         0  stm32f1xx_hal_rcc_ex.o ABSOLUTE
    ..\..\..\Drivers\STM32F1xx_HAL_Driver\Src\stm32f1xx_hal_tim.c 0x00000000   Number         0  stm32f1xx_hal_tim.o ABSOLUTE
    ..\..\..\Drivers\STM32F1xx_HAL_Driver\Src\stm32f1xx_hal_tim_ex.c 0x00000000   Number         0  stm32f1xx_hal_tim_ex.o ABSOLUTE
    ..\..\..\Drivers\STM32F1xx_HAL_Driver\Src\stm32f1xx_hal_uart.c 0x00000000   Number         0  stm32f1xx_hal_uart.o ABSOLUTE
    dc.s                                     0x00000000   Number         0  dc.o ABSOLUTE
    oled.c                                   0x00000000   Number         0  oled.o ABSOLUTE
    oled.c                                   0x00000000   Number         0  oled.o ABSOLUTE
    startup_stm32f103xb.s                    0x00000000   Number         0  startup_stm32f103xb.o ABSOLUTE
    RESET                                    0x08000000   Section      236  startup_stm32f103xb.o(RESET)
    !!!main                                  0x080000ec   Section        8  __main.o(!!!main)
    !!!scatter                               0x080000f4   Section       52  __scatter.o(!!!scatter)
    !!dczerorl2                              0x08000128   Section       90  __dczerorl2.o(!!dczerorl2)
    !!handler_zi                             0x08000184   Section       28  __scatter_zi.o(!!handler_zi)
    .ARM.Collect$$libinit$$00000000          0x080001a0   Section        2  libinit.o(.ARM.Collect$$libinit$$00000000)
    .ARM.Collect$$libinit$$00000002          0x080001a2   Section        0  libinit2.o(.ARM.Collect$$libinit$$00000002)
    .ARM.Collect$$libinit$$00000004          0x080001a2   Section        0  libinit2.o(.ARM.Collect$$libinit$$00000004)
    .ARM.Collect$$libinit$$0000000A          0x080001a2   Section        0  libinit2.o(.ARM.Collect$$libinit$$0000000A)
    .ARM.Collect$$libinit$$0000000C          0x080001a2   Section        0  libinit2.o(.ARM.Collect$$libinit$$0000000C)
    .ARM.Collect$$libinit$$0000000E          0x080001a2   Section        0  libinit2.o(.ARM.Collect$$libinit$$0000000E)
    .ARM.Collect$$libinit$$00000011          0x080001a2   Section        0  libinit2.o(.ARM.Collect$$libinit$$00000011)
    .ARM.Collect$$libinit$$00000013          0x080001a2   Section        0  libinit2.o(.ARM.Collect$$libinit$$00000013)
    .ARM.Collect$$libinit$$00000015          0x080001a2   Section        0  libinit2.o(.ARM.Collect$$libinit$$00000015)
    .ARM.Collect$$libinit$$00000017          0x080001a2   Section        0  libinit2.o(.ARM.Collect$$libinit$$00000017)
    .ARM.Collect$$libinit$$00000019          0x080001a2   Section        0  libinit2.o(.ARM.Collect$$libinit$$00000019)
    .ARM.Collect$$libinit$$0000001B          0x080001a2   Section        0  libinit2.o(.ARM.Collect$$libinit$$0000001B)
    .ARM.Collect$$libinit$$0000001D          0x080001a2   Section        0  libinit2.o(.ARM.Collect$$libinit$$0000001D)
    .ARM.Collect$$libinit$$0000001F          0x080001a2   Section        0  libinit2.o(.ARM.Collect$$libinit$$0000001F)
    .ARM.Collect$$libinit$$00000021          0x080001a2   Section        0  libinit2.o(.ARM.Collect$$libinit$$00000021)
    .ARM.Collect$$libinit$$00000023          0x080001a2   Section        0  libinit2.o(.ARM.Collect$$libinit$$00000023)
    .ARM.Collect$$libinit$$00000025          0x080001a2   Section        0  libinit2.o(.ARM.Collect$$libinit$$00000025)
    .ARM.Collect$$libinit$$0000002C          0x080001a2   Section        0  libinit2.o(.ARM.Collect$$libinit$$0000002C)
    .ARM.Collect$$libinit$$0000002E          0x080001a2   Section        0  libinit2.o(.ARM.Collect$$libinit$$0000002E)
    .ARM.Collect$$libinit$$00000030          0x080001a2   Section        0  libinit2.o(.ARM.Collect$$libinit$$00000030)
    .ARM.Collect$$libinit$$00000032          0x080001a2   Section        0  libinit2.o(.ARM.Collect$$libinit$$00000032)
    .ARM.Collect$$libinit$$00000033          0x080001a2   Section        2  libinit2.o(.ARM.Collect$$libinit$$00000033)
    .ARM.Collect$$libshutdown$$00000000      0x080001a4   Section        2  libshutdown.o(.ARM.Collect$$libshutdown$$00000000)
    .ARM.Collect$$libshutdown$$00000002      0x080001a6   Section        0  libshutdown2.o(.ARM.Collect$$libshutdown$$00000002)
    .ARM.Collect$$libshutdown$$00000004      0x080001a6   Section        0  libshutdown2.o(.ARM.Collect$$libshutdown$$00000004)
    .ARM.Collect$$libshutdown$$00000007      0x080001a6   Section        0  libshutdown2.o(.ARM.Collect$$libshutdown$$00000007)
    .ARM.Collect$$libshutdown$$0000000A      0x080001a6   Section        0  libshutdown2.o(.ARM.Collect$$libshutdown$$0000000A)
    .ARM.Collect$$libshutdown$$0000000C      0x080001a6   Section        0  libshutdown2.o(.ARM.Collect$$libshutdown$$0000000C)
    .ARM.Collect$$libshutdown$$0000000F      0x080001a6   Section        0  libshutdown2.o(.ARM.Collect$$libshutdown$$0000000F)
    .ARM.Collect$$libshutdown$$00000010      0x080001a6   Section        2  libshutdown2.o(.ARM.Collect$$libshutdown$$00000010)
    .ARM.Collect$$rtentry$$00000000          0x080001a8   Section        0  __rtentry.o(.ARM.Collect$$rtentry$$00000000)
    .ARM.Collect$$rtentry$$00000002          0x080001a8   Section        0  __rtentry2.o(.ARM.Collect$$rtentry$$00000002)
    .ARM.Collect$$rtentry$$00000004          0x080001a8   Section        6  __rtentry4.o(.ARM.Collect$$rtentry$$00000004)
    .ARM.Collect$$rtentry$$00000009          0x080001ae   Section        0  __rtentry2.o(.ARM.Collect$$rtentry$$00000009)
    .ARM.Collect$$rtentry$$0000000A          0x080001ae   Section        4  __rtentry2.o(.ARM.Collect$$rtentry$$0000000A)
    .ARM.Collect$$rtentry$$0000000C          0x080001b2   Section        0  __rtentry2.o(.ARM.Collect$$rtentry$$0000000C)
    .ARM.Collect$$rtentry$$0000000D          0x080001b2   Section        8  __rtentry2.o(.ARM.Collect$$rtentry$$0000000D)
    .ARM.Collect$$rtexit$$00000000           0x080001ba   Section        2  rtexit.o(.ARM.Collect$$rtexit$$00000000)
    .ARM.Collect$$rtexit$$00000002           0x080001bc   Section        0  rtexit2.o(.ARM.Collect$$rtexit$$00000002)
    .ARM.Collect$$rtexit$$00000003           0x080001bc   Section        4  rtexit2.o(.ARM.Collect$$rtexit$$00000003)
    .ARM.Collect$$rtexit$$00000004           0x080001c0   Section        6  rtexit2.o(.ARM.Collect$$rtexit$$00000004)
    .text                                    0x080001c8   Section       64  startup_stm32f103xb.o(.text)
    .text                                    0x08000208   Section       78  rt_memclr_w.o(.text)
    .text                                    0x08000256   Section        0  heapauxi.o(.text)
    .text                                    0x0800025c   Section       74  sys_stackheap_outer.o(.text)
    .text                                    0x080002a6   Section        0  exit.o(.text)
    .text                                    0x080002b8   Section        8  libspace.o(.text)
    .text                                    0x080002c0   Section        0  sys_exit.o(.text)
    .text                                    0x080002cc   Section        2  use_no_semi.o(.text)
    .text                                    0x080002ce   Section        0  indicate_semi.o(.text)
    i.ADC_ConversionStop_Disable             0x080002d0   Section        0  stm32f1xx_hal_adc.o(i.ADC_ConversionStop_Disable)
    i.ADC_Enable                             0x08000328   Section        0  stm32f1xx_hal_adc.o(i.ADC_Enable)
    i.ADC_Select_CH                          0x080003a4   Section        0  main.o(i.ADC_Select_CH)
    i.BusFault_Handler                       0x080003c8   Section        0  stm32f1xx_it.o(i.BusFault_Handler)
    i.DebugMon_Handler                       0x080003ca   Section        0  stm32f1xx_it.o(i.DebugMon_Handler)
    i.HAL_ADC_ConfigChannel                  0x080003cc   Section        0  stm32f1xx_hal_adc.o(i.HAL_ADC_ConfigChannel)
    i.HAL_ADC_GetValue                       0x080004c8   Section        0  stm32f1xx_hal_adc.o(i.HAL_ADC_GetValue)
    i.HAL_ADC_Init                           0x080004d0   Section        0  stm32f1xx_hal_adc.o(i.HAL_ADC_Init)
    i.HAL_ADC_MspInit                        0x080005ec   Section        0  stm32f1xx_hal_msp.o(i.HAL_ADC_MspInit)
    i.HAL_ADC_PollForConversion              0x08000644   Section        0  stm32f1xx_hal_adc.o(i.HAL_ADC_PollForConversion)
    i.HAL_ADC_Start                          0x08000780   Section        0  stm32f1xx_hal_adc.o(i.HAL_ADC_Start)
    i.HAL_ADC_Stop                           0x08000840   Section        0  stm32f1xx_hal_adc.o(i.HAL_ADC_Stop)
    i.HAL_Delay                              0x08000874   Section        0  stm32f1xx_hal.o(i.HAL_Delay)
    i.HAL_GPIO_Init                          0x08000898   Section        0  stm32f1xx_hal_gpio.o(i.HAL_GPIO_Init)
    i.HAL_GPIO_TogglePin                     0x08000a78   Section        0  stm32f1xx_hal_gpio.o(i.HAL_GPIO_TogglePin)
    i.HAL_GPIO_WritePin                      0x08000a88   Section        0  stm32f1xx_hal_gpio.o(i.HAL_GPIO_WritePin)
    i.HAL_GetTick                            0x08000a94   Section        0  stm32f1xx_hal.o(i.HAL_GetTick)
    i.HAL_I2C_Init                           0x08000aa0   Section        0  stm32f1xx_hal_i2c.o(i.HAL_I2C_Init)
    i.HAL_I2C_Mem_Write                      0x08000c28   Section        0  stm32f1xx_hal_i2c.o(i.HAL_I2C_Mem_Write)
    i.HAL_I2C_MspInit                        0x08000d58   Section        0  stm32f1xx_hal_msp.o(i.HAL_I2C_MspInit)
    i.HAL_IncTick                            0x08000db4   Section        0  stm32f1xx_hal.o(i.HAL_IncTick)
    i.HAL_Init                               0x08000dc4   Section        0  stm32f1xx_hal.o(i.HAL_Init)
    i.HAL_InitTick                           0x08000de8   Section        0  stm32f1xx_hal.o(i.HAL_InitTick)
    i.HAL_MspInit                            0x08000e28   Section        0  stm32f1xx_hal_msp.o(i.HAL_MspInit)
    i.HAL_NVIC_EnableIRQ                     0x08000e64   Section        0  stm32f1xx_hal_cortex.o(i.HAL_NVIC_EnableIRQ)
    i.HAL_NVIC_SetPriority                   0x08000e80   Section        0  stm32f1xx_hal_cortex.o(i.HAL_NVIC_SetPriority)
    i.HAL_NVIC_SetPriorityGrouping           0x08000ec0   Section        0  stm32f1xx_hal_cortex.o(i.HAL_NVIC_SetPriorityGrouping)
    i.HAL_RCCEx_GetPeriphCLKFreq             0x08000ee4   Section        0  stm32f1xx_hal_rcc_ex.o(i.HAL_RCCEx_GetPeriphCLKFreq)
    i.HAL_RCCEx_PeriphCLKConfig              0x08000fac   Section        0  stm32f1xx_hal_rcc_ex.o(i.HAL_RCCEx_PeriphCLKConfig)
    i.HAL_RCC_ClockConfig                    0x08001098   Section        0  stm32f1xx_hal_rcc.o(i.HAL_RCC_ClockConfig)
    i.HAL_RCC_GetPCLK1Freq                   0x080011c4   Section        0  stm32f1xx_hal_rcc.o(i.HAL_RCC_GetPCLK1Freq)
    i.HAL_RCC_GetPCLK2Freq                   0x080011e4   Section        0  stm32f1xx_hal_rcc.o(i.HAL_RCC_GetPCLK2Freq)
    i.HAL_RCC_GetSysClockFreq                0x08001204   Section        0  stm32f1xx_hal_rcc.o(i.HAL_RCC_GetSysClockFreq)
    i.HAL_RCC_OscConfig                      0x08001270   Section        0  stm32f1xx_hal_rcc.o(i.HAL_RCC_OscConfig)
    i.HAL_SYSTICK_Config                     0x08001590   Section        0  stm32f1xx_hal_cortex.o(i.HAL_SYSTICK_Config)
    i.HAL_TIMEx_BreakCallback                0x080015b8   Section        0  stm32f1xx_hal_tim_ex.o(i.HAL_TIMEx_BreakCallback)
    i.HAL_TIMEx_CommutCallback               0x080015ba   Section        0  stm32f1xx_hal_tim_ex.o(i.HAL_TIMEx_CommutCallback)
    i.HAL_TIMEx_MasterConfigSynchronization  0x080015bc   Section        0  stm32f1xx_hal_tim_ex.o(i.HAL_TIMEx_MasterConfigSynchronization)
    i.HAL_TIM_Base_Init                      0x08001624   Section        0  stm32f1xx_hal_tim.o(i.HAL_TIM_Base_Init)
    i.HAL_TIM_Base_MspInit                   0x08001680   Section        0  stm32f1xx_hal_msp.o(i.HAL_TIM_Base_MspInit)
    i.HAL_TIM_Base_Start_IT                  0x080016b8   Section        0  stm32f1xx_hal_tim.o(i.HAL_TIM_Base_Start_IT)
    i.HAL_TIM_ConfigClockSource              0x08001710   Section        0  stm32f1xx_hal_tim.o(i.HAL_TIM_ConfigClockSource)
    i.HAL_TIM_IC_CaptureCallback             0x080017e6   Section        0  stm32f1xx_hal_tim.o(i.HAL_TIM_IC_CaptureCallback)
    i.HAL_TIM_IRQHandler                     0x080017e8   Section        0  stm32f1xx_hal_tim.o(i.HAL_TIM_IRQHandler)
    i.HAL_TIM_MspPostInit                    0x08001950   Section        0  stm32f1xx_hal_msp.o(i.HAL_TIM_MspPostInit)
    i.HAL_TIM_OC_ConfigChannel               0x08001998   Section        0  stm32f1xx_hal_tim.o(i.HAL_TIM_OC_ConfigChannel)
    i.HAL_TIM_OC_DelayElapsedCallback        0x080019e4   Section        0  main.o(i.HAL_TIM_OC_DelayElapsedCallback)
    i.HAL_TIM_OC_Init                        0x08001ae8   Section        0  stm32f1xx_hal_tim.o(i.HAL_TIM_OC_Init)
    i.HAL_TIM_OC_MspInit                     0x08001b42   Section        0  stm32f1xx_hal_tim.o(i.HAL_TIM_OC_MspInit)
    i.HAL_TIM_OC_Start_IT                    0x08001b44   Section        0  stm32f1xx_hal_tim.o(i.HAL_TIM_OC_Start_IT)
    i.HAL_TIM_PWM_ConfigChannel              0x08001c08   Section        0  stm32f1xx_hal_tim.o(i.HAL_TIM_PWM_ConfigChannel)
    i.HAL_TIM_PWM_Init                       0x08001cce   Section        0  stm32f1xx_hal_tim.o(i.HAL_TIM_PWM_Init)
    i.HAL_TIM_PWM_MspInit                    0x08001d28   Section        0  stm32f1xx_hal_tim.o(i.HAL_TIM_PWM_MspInit)
    i.HAL_TIM_PWM_PulseFinishedCallback      0x08001d2a   Section        0  stm32f1xx_hal_tim.o(i.HAL_TIM_PWM_PulseFinishedCallback)
    i.HAL_TIM_PWM_Start                      0x08001d2c   Section        0  stm32f1xx_hal_tim.o(i.HAL_TIM_PWM_Start)
    i.HAL_TIM_PeriodElapsedCallback          0x08001dc8   Section        0  stm32f1xx_hal_tim.o(i.HAL_TIM_PeriodElapsedCallback)
    i.HAL_TIM_TriggerCallback                0x08001dca   Section        0  stm32f1xx_hal_tim.o(i.HAL_TIM_TriggerCallback)
    i.HAL_UART_Init                          0x08001dcc   Section        0  stm32f1xx_hal_uart.o(i.HAL_UART_Init)
    i.HAL_UART_MspInit                       0x08001e30   Section        0  stm32f1xx_hal_msp.o(i.HAL_UART_MspInit)
    i.HardFault_Handler                      0x08001ea0   Section        0  stm32f1xx_it.o(i.HardFault_Handler)
    i.I2C_IsAcknowledgeFailed                0x08001ea2   Section        0  stm32f1xx_hal_i2c.o(i.I2C_IsAcknowledgeFailed)
    I2C_IsAcknowledgeFailed                  0x08001ea3   Thumb Code    46  stm32f1xx_hal_i2c.o(i.I2C_IsAcknowledgeFailed)
    i.I2C_RequestMemoryWrite                 0x08001ed0   Section        0  stm32f1xx_hal_i2c.o(i.I2C_RequestMemoryWrite)
    I2C_RequestMemoryWrite                   0x08001ed1   Thumb Code   162  stm32f1xx_hal_i2c.o(i.I2C_RequestMemoryWrite)
    i.I2C_WaitOnBTFFlagUntilTimeout          0x08001f78   Section        0  stm32f1xx_hal_i2c.o(i.I2C_WaitOnBTFFlagUntilTimeout)
    I2C_WaitOnBTFFlagUntilTimeout            0x08001f79   Thumb Code    76  stm32f1xx_hal_i2c.o(i.I2C_WaitOnBTFFlagUntilTimeout)
    i.I2C_WaitOnFlagUntilTimeout             0x08001fc4   Section        0  stm32f1xx_hal_i2c.o(i.I2C_WaitOnFlagUntilTimeout)
    I2C_WaitOnFlagUntilTimeout               0x08001fc5   Thumb Code   104  stm32f1xx_hal_i2c.o(i.I2C_WaitOnFlagUntilTimeout)
    i.I2C_WaitOnMasterAddressFlagUntilTimeout 0x0800202c   Section        0  stm32f1xx_hal_i2c.o(i.I2C_WaitOnMasterAddressFlagUntilTimeout)
    I2C_WaitOnMasterAddressFlagUntilTimeout  0x0800202d   Thumb Code   150  stm32f1xx_hal_i2c.o(i.I2C_WaitOnMasterAddressFlagUntilTimeout)
    i.I2C_WaitOnTXEFlagUntilTimeout          0x080020c2   Section        0  stm32f1xx_hal_i2c.o(i.I2C_WaitOnTXEFlagUntilTimeout)
    I2C_WaitOnTXEFlagUntilTimeout            0x080020c3   Thumb Code    76  stm32f1xx_hal_i2c.o(i.I2C_WaitOnTXEFlagUntilTimeout)
    i.MX_ADC1_Init                           0x08002110   Section        0  main.o(i.MX_ADC1_Init)
    MX_ADC1_Init                             0x08002111   Thumb Code    68  main.o(i.MX_ADC1_Init)
    i.MX_GPIO_Init                           0x0800215c   Section        0  main.o(i.MX_GPIO_Init)
    MX_GPIO_Init                             0x0800215d   Thumb Code   120  main.o(i.MX_GPIO_Init)
    i.MX_TIM2_Init                           0x080021dc   Section        0  main.o(i.MX_TIM2_Init)
    MX_TIM2_Init                             0x080021dd   Thumb Code   184  main.o(i.MX_TIM2_Init)
    i.MemManage_Handler                      0x08002298   Section        0  stm32f1xx_it.o(i.MemManage_Handler)
    i.NMI_Handler                            0x0800229a   Section        0  stm32f1xx_it.o(i.NMI_Handler)
    i.OLED_CLS                               0x0800229c   Section        0  oled.o(i.OLED_CLS)
    i.OLED_Fill                              0x080022a4   Section        0  oled.o(i.OLED_Fill)
    i.OLED_Init                              0x080022dc   Section        0  oled.o(i.OLED_Init)
    i.OLED_SetPos                            0x08002390   Section        0  oled.o(i.OLED_SetPos)
    i.OLED_ShowCN                            0x080023b8   Section        0  oled.o(i.OLED_ShowCN)
    i.PendSV_Handler                         0x08002404   Section        0  stm32f1xx_it.o(i.PendSV_Handler)
    i.SVC_Handler                            0x08002406   Section        0  stm32f1xx_it.o(i.SVC_Handler)
    i.SysTick_Handler                        0x08002408   Section        0  stm32f1xx_it.o(i.SysTick_Handler)
    i.SystemClock_Config                     0x0800240c   Section        0  main.o(i.SystemClock_Config)
    i.SystemInit                             0x08002484   Section        0  system_stm32f1xx.o(i.SystemInit)
    i.TIM2_IRQHandler                        0x08002488   Section        0  stm32f1xx_it.o(i.TIM2_IRQHandler)
    i.TIM_Base_SetConfig                     0x08002494   Section        0  stm32f1xx_hal_tim.o(i.TIM_Base_SetConfig)
    i.TIM_CCxChannelCmd                      0x08002500   Section        0  stm32f1xx_hal_tim.o(i.TIM_CCxChannelCmd)
    i.TIM_ETR_SetConfig                      0x0800251a   Section        0  stm32f1xx_hal_tim.o(i.TIM_ETR_SetConfig)
    i.TIM_ITRx_SetConfig                     0x0800252e   Section        0  stm32f1xx_hal_tim.o(i.TIM_ITRx_SetConfig)
    TIM_ITRx_SetConfig                       0x0800252f   Thumb Code    16  stm32f1xx_hal_tim.o(i.TIM_ITRx_SetConfig)
    i.TIM_OC1_SetConfig                      0x08002540   Section        0  stm32f1xx_hal_tim.o(i.TIM_OC1_SetConfig)
    TIM_OC1_SetConfig                        0x08002541   Thumb Code    74  stm32f1xx_hal_tim.o(i.TIM_OC1_SetConfig)
    i.TIM_OC2_SetConfig                      0x08002590   Section        0  stm32f1xx_hal_tim.o(i.TIM_OC2_SetConfig)
    i.TIM_OC3_SetConfig                      0x080025e8   Section        0  stm32f1xx_hal_tim.o(i.TIM_OC3_SetConfig)
    TIM_OC3_SetConfig                        0x080025e9   Thumb Code    82  stm32f1xx_hal_tim.o(i.TIM_OC3_SetConfig)
    i.TIM_OC4_SetConfig                      0x08002640   Section        0  stm32f1xx_hal_tim.o(i.TIM_OC4_SetConfig)
    TIM_OC4_SetConfig                        0x08002641   Thumb Code    64  stm32f1xx_hal_tim.o(i.TIM_OC4_SetConfig)
    i.TIM_TI1_ConfigInputStage               0x08002684   Section        0  stm32f1xx_hal_tim.o(i.TIM_TI1_ConfigInputStage)
    TIM_TI1_ConfigInputStage                 0x08002685   Thumb Code    34  stm32f1xx_hal_tim.o(i.TIM_TI1_ConfigInputStage)
    i.TIM_TI2_ConfigInputStage               0x080026a6   Section        0  stm32f1xx_hal_tim.o(i.TIM_TI2_ConfigInputStage)
    TIM_TI2_ConfigInputStage                 0x080026a7   Thumb Code    36  stm32f1xx_hal_tim.o(i.TIM_TI2_ConfigInputStage)
    i.UART_SetConfig                         0x080026cc   Section        0  stm32f1xx_hal_uart.o(i.UART_SetConfig)
    UART_SetConfig                           0x080026cd   Thumb Code   178  stm32f1xx_hal_uart.o(i.UART_SetConfig)
    i.UsageFault_Handler                     0x08002784   Section        0  stm32f1xx_it.o(i.UsageFault_Handler)
    i.WriteCmd                               0x08002788   Section        0  oled.o(i.WriteCmd)
    i.WriteDat                               0x080027ac   Section        0  oled.o(i.WriteDat)
    i.__NVIC_SetPriority                     0x080027d0   Section        0  stm32f1xx_hal_cortex.o(i.__NVIC_SetPriority)
    __NVIC_SetPriority                       0x080027d1   Thumb Code    32  stm32f1xx_hal_cortex.o(i.__NVIC_SetPriority)
    i.adc_scan                               0x080027f0   Section        0  main.o(i.adc_scan)
    i.main                                   0x080028ec   Section        0  main.o(i.main)
    i.oled_show                              0x080029a4   Section        0  main.o(i.oled_show)
    x$fpl$dadd                               0x08002a8c   Section      336  daddsub_clz.o(x$fpl$dadd)
    _dadd1                                   0x08002a9d   Thumb Code     0  daddsub_clz.o(x$fpl$dadd)
    x$fpl$dfixu                              0x08002bdc   Section       90  dfixu.o(x$fpl$dfixu)
    x$fpl$dfltu                              0x08002c36   Section       38  dflt_clz.o(x$fpl$dfltu)
    x$fpl$dmul                               0x08002c5c   Section      340  dmul.o(x$fpl$dmul)
    x$fpl$dnaninf                            0x08002db0   Section      156  dnaninf.o(x$fpl$dnaninf)
    x$fpl$dretinf                            0x08002e4c   Section       12  dretinf.o(x$fpl$dretinf)
    x$fpl$dsub                               0x08002e58   Section      468  daddsub_clz.o(x$fpl$dsub)
    _dsub1                                   0x08002e69   Thumb Code     0  daddsub_clz.o(x$fpl$dsub)
    x$fpl$fadd                               0x0800302c   Section      196  faddsub_clz.o(x$fpl$fadd)
    _fadd1                                   0x0800303b   Thumb Code     0  faddsub_clz.o(x$fpl$fadd)
    x$fpl$fcheck1                            0x080030f0   Section       12  fcheck1.o(x$fpl$fcheck1)
    x$fpl$ffix                               0x080030fc   Section       54  ffix.o(x$fpl$ffix)
    x$fpl$ffixu                              0x08003134   Section       62  ffixu.o(x$fpl$ffixu)
    x$fpl$fflt                               0x08003174   Section       48  fflt_clz.o(x$fpl$fflt)
    x$fpl$ffltu                              0x080031a4   Section       38  fflt_clz.o(x$fpl$ffltu)
    x$fpl$fmul                               0x080031cc   Section      258  fmul.o(x$fpl$fmul)
    x$fpl$fnaninf                            0x080032ce   Section      140  fnaninf.o(x$fpl$fnaninf)
    x$fpl$fretinf                            0x0800335a   Section       10  fretinf.o(x$fpl$fretinf)
    x$fpl$fsub                               0x08003364   Section      234  faddsub_clz.o(x$fpl$fsub)
    _fsub1                                   0x08003373   Thumb Code     0  faddsub_clz.o(x$fpl$fsub)
    x$fpl$retnan                             0x0800344e   Section      100  retnan.o(x$fpl$retnan)
    x$fpl$scalbnf                            0x080034b2   Section       76  scalbnf.o(x$fpl$scalbnf)
    x$fpl$trapveneer                         0x080034fe   Section       48  trapv.o(x$fpl$trapveneer)
    .constdata                               0x0800352e   Section       16  system_stm32f1xx.o(.constdata)
    x$fpl$usenofp                            0x0800352e   Section        0  usenofp.o(x$fpl$usenofp)
    .constdata                               0x0800353e   Section        8  system_stm32f1xx.o(.constdata)
    .data                                    0x20000000   Section       52  main.o(.data)
    .data                                    0x20000034   Section       12  stm32f1xx_hal.o(.data)
    .data                                    0x20000040   Section        4  system_stm32f1xx.o(.data)
    .data                                    0x20000044   Section     1536  oled.o(.data)
    .bss                                     0x20000644   Section      272  main.o(.bss)
    .bss                                     0x20000754   Section       96  libspace.o(.bss)
    HEAP                                     0x200007b8   Section      512  startup_stm32f103xb.o(HEAP)
    Heap_Mem                                 0x200007b8   Data         512  startup_stm32f103xb.o(HEAP)
    STACK                                    0x200009b8   Section     1024  startup_stm32f103xb.o(STACK)
    Stack_Mem                                0x200009b8   Data        1024  startup_stm32f103xb.o(STACK)
    __initial_sp                             0x20000db8   Data           0  startup_stm32f103xb.o(STACK)

    Global Symbols

    Symbol Name                              Value     Ov Type        Size  Object(Section)

    BuildAttributes$$THM_ISAv4$P$D$K$B$S$PE$A:L22UL41UL21$X:L11$S22US41US21$IEEE1$IW$USESV6$~STKCKD$USESV7$~SHL$OSPACE$ROPI$EBA8$UX$STANDARDLIB$REQ8$PRES8$EABIv2 0x00000000   Number         0  anon$$obj.o ABSOLUTE
    __ARM_use_no_argv                        0x00000000   Number         0  main.o ABSOLUTE
    __ARM_exceptions_init                     - Undefined Weak Reference
    __alloca_initialize                       - Undefined Weak Reference
    __arm_preinit_                            - Undefined Weak Reference
    __cpp_initialize__aeabi_                  - Undefined Weak Reference
    __cxa_finalize                            - Undefined Weak Reference
    __rt_locale                               - Undefined Weak Reference
    __sigvec_lookup                           - Undefined Weak Reference
    _atexit_init                              - Undefined Weak Reference
    _call_atexit_fns                          - Undefined Weak Reference
    _clock_init                               - Undefined Weak Reference
    _fp_trap_init                             - Undefined Weak Reference
    _fp_trap_shutdown                         - Undefined Weak Reference
    _get_lc_collate                           - Undefined Weak Reference
    _get_lc_ctype                             - Undefined Weak Reference
    _get_lc_monetary                          - Undefined Weak Reference
    _get_lc_numeric                           - Undefined Weak Reference
    _get_lc_time                              - Undefined Weak Reference
    _getenv_init                              - Undefined Weak Reference
    _handle_redirection                       - Undefined Weak Reference
    _init_alloc                               - Undefined Weak Reference
    _init_user_alloc                          - Undefined Weak Reference
    _initio                                   - Undefined Weak Reference
    _rand_init                                - Undefined Weak Reference
    _signal_finish                            - Undefined Weak Reference
    _signal_init                              - Undefined Weak Reference
    _terminate_alloc                          - Undefined Weak Reference
    _terminate_user_alloc                     - Undefined Weak Reference
    _terminateio                              - Undefined Weak Reference
    __Vectors_Size                           0x000000ec   Number         0  startup_stm32f103xb.o ABSOLUTE
    __Vectors                                0x08000000   Data           4  startup_stm32f103xb.o(RESET)
    __Vectors_End                            0x080000ec   Data           0  startup_stm32f103xb.o(RESET)
    __main                                   0x080000ed   Thumb Code     8  __main.o(!!!main)
    __scatterload                            0x080000f5   Thumb Code     0  __scatter.o(!!!scatter)
    __scatterload_rt2                        0x080000f5   Thumb Code    44  __scatter.o(!!!scatter)
    __scatterload_rt2_thumb_only             0x080000f5   Thumb Code     0  __scatter.o(!!!scatter)
    __scatterload_null                       0x08000103   Thumb Code     0  __scatter.o(!!!scatter)
    __decompress                             0x08000129   Thumb Code    90  __dczerorl2.o(!!dczerorl2)
    __decompress1                            0x08000129   Thumb Code     0  __dczerorl2.o(!!dczerorl2)
    __scatterload_zeroinit                   0x08000185   Thumb Code    28  __scatter_zi.o(!!handler_zi)
    __rt_lib_init                            0x080001a1   Thumb Code     0  libinit.o(.ARM.Collect$$libinit$$00000000)
    __rt_lib_init_alloca_1                   0x080001a3   Thumb Code     0  libinit2.o(.ARM.Collect$$libinit$$0000002E)
    __rt_lib_init_argv_1                     0x080001a3   Thumb Code     0  libinit2.o(.ARM.Collect$$libinit$$0000002C)
    __rt_lib_init_atexit_1                   0x080001a3   Thumb Code     0  libinit2.o(.ARM.Collect$$libinit$$0000001B)
    __rt_lib_init_clock_1                    0x080001a3   Thumb Code     0  libinit2.o(.ARM.Collect$$libinit$$00000021)
    __rt_lib_init_cpp_1                      0x080001a3   Thumb Code     0  libinit2.o(.ARM.Collect$$libinit$$00000032)
    __rt_lib_init_exceptions_1               0x080001a3   Thumb Code     0  libinit2.o(.ARM.Collect$$libinit$$00000030)
    __rt_lib_init_fp_1                       0x080001a3   Thumb Code     0  libinit2.o(.ARM.Collect$$libinit$$00000002)
    __rt_lib_init_fp_trap_1                  0x080001a3   Thumb Code     0  libinit2.o(.ARM.Collect$$libinit$$0000001F)
    __rt_lib_init_getenv_1                   0x080001a3   Thumb Code     0  libinit2.o(.ARM.Collect$$libinit$$00000023)
    __rt_lib_init_heap_1                     0x080001a3   Thumb Code     0  libinit2.o(.ARM.Collect$$libinit$$0000000A)
    __rt_lib_init_lc_collate_1               0x080001a3   Thumb Code     0  libinit2.o(.ARM.Collect$$libinit$$00000011)
    __rt_lib_init_lc_ctype_1                 0x080001a3   Thumb Code     0  libinit2.o(.ARM.Collect$$libinit$$00000013)
    __rt_lib_init_lc_monetary_1              0x080001a3   Thumb Code     0  libinit2.o(.ARM.Collect$$libinit$$00000015)
    __rt_lib_init_lc_numeric_1               0x080001a3   Thumb Code     0  libinit2.o(.ARM.Collect$$libinit$$00000017)
    __rt_lib_init_lc_time_1                  0x080001a3   Thumb Code     0  libinit2.o(.ARM.Collect$$libinit$$00000019)
    __rt_lib_init_preinit_1                  0x080001a3   Thumb Code     0  libinit2.o(.ARM.Collect$$libinit$$00000004)
    __rt_lib_init_rand_1                     0x080001a3   Thumb Code     0  libinit2.o(.ARM.Collect$$libinit$$0000000E)
    __rt_lib_init_return                     0x080001a3   Thumb Code     0  libinit2.o(.ARM.Collect$$libinit$$00000033)
    __rt_lib_init_signal_1                   0x080001a3   Thumb Code     0  libinit2.o(.ARM.Collect$$libinit$$0000001D)
    __rt_lib_init_stdio_1                    0x080001a3   Thumb Code     0  libinit2.o(.ARM.Collect$$libinit$$00000025)
    __rt_lib_init_user_alloc_1               0x080001a3   Thumb Code     0  libinit2.o(.ARM.Collect$$libinit$$0000000C)
    __rt_lib_shutdown                        0x080001a5   Thumb Code     0  libshutdown.o(.ARM.Collect$$libshutdown$$00000000)
    __rt_lib_shutdown_cpp_1                  0x080001a7   Thumb Code     0  libshutdown2.o(.ARM.Collect$$libshutdown$$00000002)
    __rt_lib_shutdown_fp_trap_1              0x080001a7   Thumb Code     0  libshutdown2.o(.ARM.Collect$$libshutdown$$00000007)
    __rt_lib_shutdown_heap_1                 0x080001a7   Thumb Code     0  libshutdown2.o(.ARM.Collect$$libshutdown$$0000000F)
    __rt_lib_shutdown_return                 0x080001a7   Thumb Code     0  libshutdown2.o(.ARM.Collect$$libshutdown$$00000010)
    __rt_lib_shutdown_signal_1               0x080001a7   Thumb Code     0  libshutdown2.o(.ARM.Collect$$libshutdown$$0000000A)
    __rt_lib_shutdown_stdio_1                0x080001a7   Thumb Code     0  libshutdown2.o(.ARM.Collect$$libshutdown$$00000004)
    __rt_lib_shutdown_user_alloc_1           0x080001a7   Thumb Code     0  libshutdown2.o(.ARM.Collect$$libshutdown$$0000000C)
    __rt_entry                               0x080001a9   Thumb Code     0  __rtentry.o(.ARM.Collect$$rtentry$$00000000)
    __rt_entry_presh_1                       0x080001a9   Thumb Code     0  __rtentry2.o(.ARM.Collect$$rtentry$$00000002)
    __rt_entry_sh                            0x080001a9   Thumb Code     0  __rtentry4.o(.ARM.Collect$$rtentry$$00000004)
    __rt_entry_li                            0x080001af   Thumb Code     0  __rtentry2.o(.ARM.Collect$$rtentry$$0000000A)
    __rt_entry_postsh_1                      0x080001af   Thumb Code     0  __rtentry2.o(.ARM.Collect$$rtentry$$00000009)
    __rt_entry_main                          0x080001b3   Thumb Code     0  __rtentry2.o(.ARM.Collect$$rtentry$$0000000D)
    __rt_entry_postli_1                      0x080001b3   Thumb Code     0  __rtentry2.o(.ARM.Collect$$rtentry$$0000000C)
    __rt_exit                                0x080001bb   Thumb Code     0  rtexit.o(.ARM.Collect$$rtexit$$00000000)
    __rt_exit_ls                             0x080001bd   Thumb Code     0  rtexit2.o(.ARM.Collect$$rtexit$$00000003)
    __rt_exit_prels_1                        0x080001bd   Thumb Code     0  rtexit2.o(.ARM.Collect$$rtexit$$00000002)
    __rt_exit_exit                           0x080001c1   Thumb Code     0  rtexit2.o(.ARM.Collect$$rtexit$$00000004)
    Reset_Handler                            0x080001c9   Thumb Code     8  startup_stm32f103xb.o(.text)
    ADC1_2_IRQHandler                        0x080001e3   Thumb Code     0  startup_stm32f103xb.o(.text)
    CAN1_RX1_IRQHandler                      0x080001e3   Thumb Code     0  startup_stm32f103xb.o(.text)
    CAN1_SCE_IRQHandler                      0x080001e3   Thumb Code     0  startup_stm32f103xb.o(.text)
    DMA1_Channel1_IRQHandler                 0x080001e3   Thumb Code     0  startup_stm32f103xb.o(.text)
    DMA1_Channel2_IRQHandler                 0x080001e3   Thumb Code     0  startup_stm32f103xb.o(.text)
    DMA1_Channel3_IRQHandler                 0x080001e3   Thumb Code     0  startup_stm32f103xb.o(.text)
    DMA1_Channel4_IRQHandler                 0x080001e3   Thumb Code     0  startup_stm32f103xb.o(.text)
    DMA1_Channel5_IRQHandler                 0x080001e3   Thumb Code     0  startup_stm32f103xb.o(.text)
    DMA1_Channel6_IRQHandler                 0x080001e3   Thumb Code     0  startup_stm32f103xb.o(.text)
    DMA1_Channel7_IRQHandler                 0x080001e3   Thumb Code     0  startup_stm32f103xb.o(.text)
    EXTI0_IRQHandler                         0x080001e3   Thumb Code     0  startup_stm32f103xb.o(.text)
    EXTI15_10_IRQHandler                     0x080001e3   Thumb Code     0  startup_stm32f103xb.o(.text)
    EXTI1_IRQHandler                         0x080001e3   Thumb Code     0  startup_stm32f103xb.o(.text)
    EXTI2_IRQHandler                         0x080001e3   Thumb Code     0  startup_stm32f103xb.o(.text)
    EXTI3_IRQHandler                         0x080001e3   Thumb Code     0  startup_stm32f103xb.o(.text)
    EXTI4_IRQHandler                         0x080001e3   Thumb Code     0  startup_stm32f103xb.o(.text)
    EXTI9_5_IRQHandler                       0x080001e3   Thumb Code     0  startup_stm32f103xb.o(.text)
    FLASH_IRQHandler                         0x080001e3   Thumb Code     0  startup_stm32f103xb.o(.text)
    I2C1_ER_IRQHandler                       0x080001e3   Thumb Code     0  startup_stm32f103xb.o(.text)
    I2C1_EV_IRQHandler                       0x080001e3   Thumb Code     0  startup_stm32f103xb.o(.text)
    I2C2_ER_IRQHandler                       0x080001e3   Thumb Code     0  startup_stm32f103xb.o(.text)
    I2C2_EV_IRQHandler                       0x080001e3   Thumb Code     0  startup_stm32f103xb.o(.text)
    PVD_IRQHandler                           0x080001e3   Thumb Code     0  startup_stm32f103xb.o(.text)
    RCC_IRQHandler                           0x080001e3   Thumb Code     0  startup_stm32f103xb.o(.text)
    RTC_Alarm_IRQHandler                     0x080001e3   Thumb Code     0  startup_stm32f103xb.o(.text)
    RTC_IRQHandler                           0x080001e3   Thumb Code     0  startup_stm32f103xb.o(.text)
    SPI1_IRQHandler                          0x080001e3   Thumb Code     0  startup_stm32f103xb.o(.text)
    SPI2_IRQHandler                          0x080001e3   Thumb Code     0  startup_stm32f103xb.o(.text)
    TAMPER_IRQHandler                        0x080001e3   Thumb Code     0  startup_stm32f103xb.o(.text)
    TIM1_BRK_IRQHandler                      0x080001e3   Thumb Code     0  startup_stm32f103xb.o(.text)
    TIM1_CC_IRQHandler                       0x080001e3   Thumb Code     0  startup_stm32f103xb.o(.text)
    TIM1_TRG_COM_IRQHandler                  0x080001e3   Thumb Code     0  startup_stm32f103xb.o(.text)
    TIM1_UP_IRQHandler                       0x080001e3   Thumb Code     0  startup_stm32f103xb.o(.text)
    TIM3_IRQHandler                          0x080001e3   Thumb Code     0  startup_stm32f103xb.o(.text)
    TIM4_IRQHandler                          0x080001e3   Thumb Code     0  startup_stm32f103xb.o(.text)
    USART1_IRQHandler                        0x080001e3   Thumb Code     0  startup_stm32f103xb.o(.text)
    USART2_IRQHandler                        0x080001e3   Thumb Code     0  startup_stm32f103xb.o(.text)
    USART3_IRQHandler                        0x080001e3   Thumb Code     0  startup_stm32f103xb.o(.text)
    USBWakeUp_IRQHandler                     0x080001e3   Thumb Code     0  startup_stm32f103xb.o(.text)
    USB_HP_CAN1_TX_IRQHandler                0x080001e3   Thumb Code     0  startup_stm32f103xb.o(.text)
    USB_LP_CAN1_RX0_IRQHandler               0x080001e3   Thumb Code     0  startup_stm32f103xb.o(.text)
    WWDG_IRQHandler                          0x080001e3   Thumb Code     0  startup_stm32f103xb.o(.text)
    __user_initial_stackheap                 0x080001e5   Thumb Code     0  startup_stm32f103xb.o(.text)
    __aeabi_memclr4                          0x08000209   Thumb Code     0  rt_memclr_w.o(.text)
    __aeabi_memclr8                          0x08000209   Thumb Code     0  rt_memclr_w.o(.text)
    __rt_memclr_w                            0x08000209   Thumb Code    78  rt_memclr_w.o(.text)
    _memset_w                                0x0800020d   Thumb Code     0  rt_memclr_w.o(.text)
    __use_two_region_memory                  0x08000257   Thumb Code     2  heapauxi.o(.text)
    __rt_heap_escrow$2region                 0x08000259   Thumb Code     2  heapauxi.o(.text)
    __rt_heap_expand$2region                 0x0800025b   Thumb Code     2  heapauxi.o(.text)
    __user_setup_stackheap                   0x0800025d   Thumb Code    74  sys_stackheap_outer.o(.text)
    exit                                     0x080002a7   Thumb Code    18  exit.o(.text)
    __user_libspace                          0x080002b9   Thumb Code     8  libspace.o(.text)
    __user_perproc_libspace                  0x080002b9   Thumb Code     0  libspace.o(.text)
    __user_perthread_libspace                0x080002b9   Thumb Code     0  libspace.o(.text)
    _sys_exit                                0x080002c1   Thumb Code     8  sys_exit.o(.text)
    __I$use$semihosting                      0x080002cd   Thumb Code     0  use_no_semi.o(.text)
    __use_no_semihosting_swi                 0x080002cd   Thumb Code     2  use_no_semi.o(.text)
    __semihosting_library_function           0x080002cf   Thumb Code     0  indicate_semi.o(.text)
    ADC_ConversionStop_Disable               0x080002d1   Thumb Code    86  stm32f1xx_hal_adc.o(i.ADC_ConversionStop_Disable)
    ADC_Enable                               0x08000329   Thumb Code   114  stm32f1xx_hal_adc.o(i.ADC_Enable)
    ADC_Select_CH                            0x080003a5   Thumb Code    30  main.o(i.ADC_Select_CH)
    BusFault_Handler                         0x080003c9   Thumb Code     2  stm32f1xx_it.o(i.BusFault_Handler)
    DebugMon_Handler                         0x080003cb   Thumb Code     2  stm32f1xx_it.o(i.DebugMon_Handler)
    HAL_ADC_ConfigChannel                    0x080003cd   Thumb Code   240  stm32f1xx_hal_adc.o(i.HAL_ADC_ConfigChannel)
    HAL_ADC_GetValue                         0x080004c9   Thumb Code     6  stm32f1xx_hal_adc.o(i.HAL_ADC_GetValue)
    HAL_ADC_Init                             0x080004d1   Thumb Code   272  stm32f1xx_hal_adc.o(i.HAL_ADC_Init)
    HAL_ADC_MspInit                          0x080005ed   Thumb Code    76  stm32f1xx_hal_msp.o(i.HAL_ADC_MspInit)
    HAL_ADC_PollForConversion                0x08000645   Thumb Code   304  stm32f1xx_hal_adc.o(i.HAL_ADC_PollForConversion)
    HAL_ADC_Start                            0x08000781   Thumb Code   184  stm32f1xx_hal_adc.o(i.HAL_ADC_Start)
    HAL_ADC_Stop                             0x08000841   Thumb Code    52  stm32f1xx_hal_adc.o(i.HAL_ADC_Stop)
    HAL_Delay                                0x08000875   Thumb Code    32  stm32f1xx_hal.o(i.HAL_Delay)
    HAL_GPIO_Init                            0x08000899   Thumb Code   446  stm32f1xx_hal_gpio.o(i.HAL_GPIO_Init)
    HAL_GPIO_TogglePin                       0x08000a79   Thumb Code    16  stm32f1xx_hal_gpio.o(i.HAL_GPIO_TogglePin)
    HAL_GPIO_WritePin                        0x08000a89   Thumb Code    10  stm32f1xx_hal_gpio.o(i.HAL_GPIO_WritePin)
    HAL_GetTick                              0x08000a95   Thumb Code     6  stm32f1xx_hal.o(i.HAL_GetTick)
    HAL_I2C_Init                             0x08000aa1   Thumb Code   376  stm32f1xx_hal_i2c.o(i.HAL_I2C_Init)
    HAL_I2C_Mem_Write                        0x08000c29   Thumb Code   294  stm32f1xx_hal_i2c.o(i.HAL_I2C_Mem_Write)
    HAL_I2C_MspInit                          0x08000d59   Thumb Code    80  stm32f1xx_hal_msp.o(i.HAL_I2C_MspInit)
    HAL_IncTick                              0x08000db5   Thumb Code    12  stm32f1xx_hal.o(i.HAL_IncTick)
    HAL_Init                                 0x08000dc5   Thumb Code    32  stm32f1xx_hal.o(i.HAL_Init)
    HAL_InitTick                             0x08000de9   Thumb Code    54  stm32f1xx_hal.o(i.HAL_InitTick)
    HAL_MspInit                              0x08000e29   Thumb Code    52  stm32f1xx_hal_msp.o(i.HAL_MspInit)
    HAL_NVIC_EnableIRQ                       0x08000e65   Thumb Code    26  stm32f1xx_hal_cortex.o(i.HAL_NVIC_EnableIRQ)
    HAL_NVIC_SetPriority                     0x08000e81   Thumb Code    60  stm32f1xx_hal_cortex.o(i.HAL_NVIC_SetPriority)
    HAL_NVIC_SetPriorityGrouping             0x08000ec1   Thumb Code    26  stm32f1xx_hal_cortex.o(i.HAL_NVIC_SetPriorityGrouping)
    HAL_RCCEx_GetPeriphCLKFreq               0x08000ee5   Thumb Code   166  stm32f1xx_hal_rcc_ex.o(i.HAL_RCCEx_GetPeriphCLKFreq)
    HAL_RCCEx_PeriphCLKConfig                0x08000fad   Thumb Code   224  stm32f1xx_hal_rcc_ex.o(i.HAL_RCCEx_PeriphCLKConfig)
    HAL_RCC_ClockConfig                      0x08001099   Thumb Code   280  stm32f1xx_hal_rcc.o(i.HAL_RCC_ClockConfig)
    HAL_RCC_GetPCLK1Freq                     0x080011c5   Thumb Code    20  stm32f1xx_hal_rcc.o(i.HAL_RCC_GetPCLK1Freq)
    HAL_RCC_GetPCLK2Freq                     0x080011e5   Thumb Code    20  stm32f1xx_hal_rcc.o(i.HAL_RCC_GetPCLK2Freq)
    HAL_RCC_GetSysClockFreq                  0x08001205   Thumb Code    74  stm32f1xx_hal_rcc.o(i.HAL_RCC_GetSysClockFreq)
    HAL_RCC_OscConfig                        0x08001271   Thumb Code   778  stm32f1xx_hal_rcc.o(i.HAL_RCC_OscConfig)
    HAL_SYSTICK_Config                       0x08001591   Thumb Code    40  stm32f1xx_hal_cortex.o(i.HAL_SYSTICK_Config)
    HAL_TIMEx_BreakCallback                  0x080015b9   Thumb Code     2  stm32f1xx_hal_tim_ex.o(i.HAL_TIMEx_BreakCallback)
    HAL_TIMEx_CommutCallback                 0x080015bb   Thumb Code     2  stm32f1xx_hal_tim_ex.o(i.HAL_TIMEx_CommutCallback)
    HAL_TIMEx_MasterConfigSynchronization    0x080015bd   Thumb Code    92  stm32f1xx_hal_tim_ex.o(i.HAL_TIMEx_MasterConfigSynchronization)
    HAL_TIM_Base_Init                        0x08001625   Thumb Code    90  stm32f1xx_hal_tim.o(i.HAL_TIM_Base_Init)
    HAL_TIM_Base_MspInit                     0x08001681   Thumb Code    50  stm32f1xx_hal_msp.o(i.HAL_TIM_Base_MspInit)
    HAL_TIM_Base_Start_IT                    0x080016b9   Thumb Code    76  stm32f1xx_hal_tim.o(i.HAL_TIM_Base_Start_IT)
    HAL_TIM_ConfigClockSource                0x08001711   Thumb Code   214  stm32f1xx_hal_tim.o(i.HAL_TIM_ConfigClockSource)
    HAL_TIM_IC_CaptureCallback               0x080017e7   Thumb Code     2  stm32f1xx_hal_tim.o(i.HAL_TIM_IC_CaptureCallback)
    HAL_TIM_IRQHandler                       0x080017e9   Thumb Code   358  stm32f1xx_hal_tim.o(i.HAL_TIM_IRQHandler)
    HAL_TIM_MspPostInit                      0x08001951   Thumb Code    62  stm32f1xx_hal_msp.o(i.HAL_TIM_MspPostInit)
    HAL_TIM_OC_ConfigChannel                 0x08001999   Thumb Code    76  stm32f1xx_hal_tim.o(i.HAL_TIM_OC_ConfigChannel)
    HAL_TIM_OC_DelayElapsedCallback          0x080019e5   Thumb Code   232  main.o(i.HAL_TIM_OC_DelayElapsedCallback)
    HAL_TIM_OC_Init                          0x08001ae9   Thumb Code    90  stm32f1xx_hal_tim.o(i.HAL_TIM_OC_Init)
    HAL_TIM_OC_MspInit                       0x08001b43   Thumb Code     2  stm32f1xx_hal_tim.o(i.HAL_TIM_OC_MspInit)
    HAL_TIM_OC_Start_IT                      0x08001b45   Thumb Code   184  stm32f1xx_hal_tim.o(i.HAL_TIM_OC_Start_IT)
    HAL_TIM_PWM_ConfigChannel                0x08001c09   Thumb Code   198  stm32f1xx_hal_tim.o(i.HAL_TIM_PWM_ConfigChannel)
    HAL_TIM_PWM_Init                         0x08001ccf   Thumb Code    90  stm32f1xx_hal_tim.o(i.HAL_TIM_PWM_Init)
    HAL_TIM_PWM_MspInit                      0x08001d29   Thumb Code     2  stm32f1xx_hal_tim.o(i.HAL_TIM_PWM_MspInit)
    HAL_TIM_PWM_PulseFinishedCallback        0x08001d2b   Thumb Code     2  stm32f1xx_hal_tim.o(i.HAL_TIM_PWM_PulseFinishedCallback)
    HAL_TIM_PWM_Start                        0x08001d2d   Thumb Code   144  stm32f1xx_hal_tim.o(i.HAL_TIM_PWM_Start)
    HAL_TIM_PeriodElapsedCallback            0x08001dc9   Thumb Code     2  stm32f1xx_hal_tim.o(i.HAL_TIM_PeriodElapsedCallback)
    HAL_TIM_TriggerCallback                  0x08001dcb   Thumb Code     2  stm32f1xx_hal_tim.o(i.HAL_TIM_TriggerCallback)
    HAL_UART_Init                            0x08001dcd   Thumb Code    98  stm32f1xx_hal_uart.o(i.HAL_UART_Init)
    HAL_UART_MspInit                         0x08001e31   Thumb Code   100  stm32f1xx_hal_msp.o(i.HAL_UART_MspInit)
    HardFault_Handler                        0x08001ea1   Thumb Code     2  stm32f1xx_it.o(i.HardFault_Handler)
    MemManage_Handler                        0x08002299   Thumb Code     2  stm32f1xx_it.o(i.MemManage_Handler)
    NMI_Handler                              0x0800229b   Thumb Code     2  stm32f1xx_it.o(i.NMI_Handler)
    OLED_CLS                                 0x0800229d   Thumb Code     6  oled.o(i.OLED_CLS)
    OLED_Fill                                0x080022a5   Thumb Code    56  oled.o(i.OLED_Fill)
    OLED_Init                                0x080022dd   Thumb Code   180  oled.o(i.OLED_Init)
    OLED_SetPos                              0x08002391   Thumb Code    38  oled.o(i.OLED_SetPos)
    OLED_ShowCN                              0x080023b9   Thumb Code    70  oled.o(i.OLED_ShowCN)
    PendSV_Handler                           0x08002405   Thumb Code     2  stm32f1xx_it.o(i.PendSV_Handler)
    SVC_Handler                              0x08002407   Thumb Code     2  stm32f1xx_it.o(i.SVC_Handler)
    SysTick_Handler                          0x08002409   Thumb Code     4  stm32f1xx_it.o(i.SysTick_Handler)
    SystemClock_Config                       0x0800240d   Thumb Code   120  main.o(i.SystemClock_Config)
    SystemInit                               0x08002485   Thumb Code     2  system_stm32f1xx.o(i.SystemInit)
    TIM2_IRQHandler                          0x08002489   Thumb Code     6  stm32f1xx_it.o(i.TIM2_IRQHandler)
    TIM_Base_SetConfig                       0x08002495   Thumb Code    94  stm32f1xx_hal_tim.o(i.TIM_Base_SetConfig)
    TIM_CCxChannelCmd                        0x08002501   Thumb Code    26  stm32f1xx_hal_tim.o(i.TIM_CCxChannelCmd)
    TIM_ETR_SetConfig                        0x0800251b   Thumb Code    20  stm32f1xx_hal_tim.o(i.TIM_ETR_SetConfig)
    TIM_OC2_SetConfig                        0x08002591   Thumb Code    84  stm32f1xx_hal_tim.o(i.TIM_OC2_SetConfig)
    UsageFault_Handler                       0x08002785   Thumb Code     2  stm32f1xx_it.o(i.UsageFault_Handler)
    WriteCmd                                 0x08002789   Thumb Code    30  oled.o(i.WriteCmd)
    WriteDat                                 0x080027ad   Thumb Code    30  oled.o(i.WriteDat)
    adc_scan                                 0x080027f1   Thumb Code   230  main.o(i.adc_scan)
    main                                     0x080028ed   Thumb Code   164  main.o(i.main)
    oled_show                                0x080029a5   Thumb Code   226  main.o(i.oled_show)
    __aeabi_dadd                             0x08002a8d   Thumb Code     0  daddsub_clz.o(x$fpl$dadd)
    _dadd                                    0x08002a8d   Thumb Code   332  daddsub_clz.o(x$fpl$dadd)
    __aeabi_d2uiz                            0x08002bdd   Thumb Code     0  dfixu.o(x$fpl$dfixu)
    _dfixu                                   0x08002bdd   Thumb Code    90  dfixu.o(x$fpl$dfixu)
    __aeabi_ui2d                             0x08002c37   Thumb Code     0  dflt_clz.o(x$fpl$dfltu)
    _dfltu                                   0x08002c37   Thumb Code    38  dflt_clz.o(x$fpl$dfltu)
    __aeabi_dmul                             0x08002c5d   Thumb Code     0  dmul.o(x$fpl$dmul)
    _dmul                                    0x08002c5d   Thumb Code   332  dmul.o(x$fpl$dmul)
    __fpl_dnaninf                            0x08002db1   Thumb Code   156  dnaninf.o(x$fpl$dnaninf)
    __fpl_dretinf                            0x08002e4d   Thumb Code    12  dretinf.o(x$fpl$dretinf)
    __aeabi_dsub                             0x08002e59   Thumb Code     0  daddsub_clz.o(x$fpl$dsub)
    _dsub                                    0x08002e59   Thumb Code   464  daddsub_clz.o(x$fpl$dsub)
    __aeabi_fadd                             0x0800302d   Thumb Code     0  faddsub_clz.o(x$fpl$fadd)
    _fadd                                    0x0800302d   Thumb Code   196  faddsub_clz.o(x$fpl$fadd)
    __fpl_fcheck_NaN1                        0x080030f1   Thumb Code     6  fcheck1.o(x$fpl$fcheck1)
    __aeabi_f2iz                             0x080030fd   Thumb Code     0  ffix.o(x$fpl$ffix)
    _ffix                                    0x080030fd   Thumb Code    54  ffix.o(x$fpl$ffix)
    __aeabi_f2uiz                            0x08003135   Thumb Code     0  ffixu.o(x$fpl$ffixu)
    _ffixu                                   0x08003135   Thumb Code    62  ffixu.o(x$fpl$ffixu)
    __aeabi_i2f                              0x08003175   Thumb Code     0  fflt_clz.o(x$fpl$fflt)
    _fflt                                    0x08003175   Thumb Code    48  fflt_clz.o(x$fpl$fflt)
    __aeabi_ui2f                             0x080031a5   Thumb Code     0  fflt_clz.o(x$fpl$ffltu)
    _ffltu                                   0x080031a5   Thumb Code    38  fflt_clz.o(x$fpl$ffltu)
    __aeabi_fmul                             0x080031cd   Thumb Code     0  fmul.o(x$fpl$fmul)
    _fmul                                    0x080031cd   Thumb Code   258  fmul.o(x$fpl$fmul)
    __fpl_fnaninf                            0x080032cf   Thumb Code   140  fnaninf.o(x$fpl$fnaninf)
    __fpl_fretinf                            0x0800335b   Thumb Code    10  fretinf.o(x$fpl$fretinf)
    __aeabi_fsub                             0x08003365   Thumb Code     0  faddsub_clz.o(x$fpl$fsub)
    _fsub                                    0x08003365   Thumb Code   234  faddsub_clz.o(x$fpl$fsub)
    __fpl_return_NaN                         0x0800344f   Thumb Code   100  retnan.o(x$fpl$retnan)
    __ARM_scalbnf                            0x080034b3   Thumb Code    76  scalbnf.o(x$fpl$scalbnf)
    __fpl_cmpreturn                          0x080034ff   Thumb Code    48  trapv.o(x$fpl$trapveneer)
    AHBPrescTable                            0x0800352e   Data          16  system_stm32f1xx.o(.constdata)
    __I$use$fp                               0x0800352e   Number         0  usenofp.o(x$fpl$usenofp)
    APBPrescTable                            0x0800353e   Data           8  system_stm32f1xx.o(.constdata)
    Region$$Table$$Base                      0x08003548   Number         0  anon$$obj.o(Region$$Table)
    Region$$Table$$Limit                     0x08003568   Number         0  anon$$obj.o(Region$$Table)
    temp_set                                 0x20000000   Data           2  main.o(.data)
    state                                    0x20000002   Data           2  main.o(.data)
    temp_real                                0x20000004   Data           2  main.o(.data)
    measure_temp                             0x20000006   Data           2  main.o(.data)
    measure_vibration                        0x20000008   Data           2  main.o(.data)
    measure_temp_set                         0x2000000a   Data           2  main.o(.data)
    cnt                                      0x2000000c   Data           4  main.o(.data)
    pwm                                      0x20000010   Data           4  main.o(.data)
    kp                                       0x20000014   Data           4  main.o(.data)
    ki                                       0x20000018   Data           4  main.o(.data)
    kd                                       0x2000001c   Data           4  main.o(.data)
    prev_err                                 0x20000020   Data           4  main.o(.data)
    sum_err                                  0x20000024   Data           4  main.o(.data)
    width                                    0x20000028   Data           4  main.o(.data)
    offset                                   0x2000002c   Data           4  main.o(.data)
    err                                      0x20000030   Data           4  main.o(.data)
    uwTickFreq                               0x20000034   Data           1  stm32f1xx_hal.o(.data)
    uwTickPrio                               0x20000038   Data           4  stm32f1xx_hal.o(.data)
    uwTick                                   0x2000003c   Data           4  stm32f1xx_hal.o(.data)
    SystemCoreClock                          0x20000040   Data           4  system_stm32f1xx.o(.data)
    F16x8                                    0x20000044   Data        1536  oled.o(.data)
    hadc1                                    0x20000644   Data          48  main.o(.bss)
    hi2c1                                    0x20000674   Data          84  main.o(.bss)
    htim2                                    0x200006c8   Data          72  main.o(.bss)
    huart1                                   0x20000710   Data          68  main.o(.bss)
    __libspace_start                         0x20000754   Data          96  libspace.o(.bss)
    __temporary_stack_top$libspace           0x200007b4   Data           0  libspace.o(.bss)



==============================================================================

Memory Map of the image

  Image Entry point : 0x080000ed

  Load Region LR_IROM1 (Base: 0x08000000, Size: 0x00003bac, Max: 0x00010000, ABSOLUTE, COMPRESSED[0x0000373c])

    Execution Region ER_IROM1 (Exec base: 0x08000000, Load base: 0x08000000, Size: 0x00003568, Max: 0x00010000, ABSOLUTE)

    Exec Addr    Load Addr    Size         Type   Attr      Idx    E Section Name        Object

    0x08000000   0x08000000   0x000000ec   Data   RO            3    RESET               startup_stm32f103xb.o
    0x080000ec   0x080000ec   0x00000008   Code   RO         3551  * !!!main             c_w.l(__main.o)
    0x080000f4   0x080000f4   0x00000034   Code   RO         3767    !!!scatter          c_w.l(__scatter.o)
    0x08000128   0x08000128   0x0000005a   Code   RO         3765    !!dczerorl2         c_w.l(__dczerorl2.o)
    0x08000182   0x08000182   0x00000002   PAD
    0x08000184   0x08000184   0x0000001c   Code   RO         3769    !!handler_zi        c_w.l(__scatter_zi.o)
    0x080001a0   0x080001a0   0x00000002   Code   RO         3633    .ARM.Collect$$libinit$$00000000  c_w.l(libinit.o)
    0x080001a2   0x080001a2   0x00000000   Code   RO         3642    .ARM.Collect$$libinit$$00000002  c_w.l(libinit2.o)
    0x080001a2   0x080001a2   0x00000000   Code   RO         3644    .ARM.Collect$$libinit$$00000004  c_w.l(libinit2.o)
    0x080001a2   0x080001a2   0x00000000   Code   RO         3647    .ARM.Collect$$libinit$$0000000A  c_w.l(libinit2.o)
    0x080001a2   0x080001a2   0x00000000   Code   RO         3649    .ARM.Collect$$libinit$$0000000C  c_w.l(libinit2.o)
    0x080001a2   0x080001a2   0x00000000   Code   RO         3651    .ARM.Collect$$libinit$$0000000E  c_w.l(libinit2.o)
    0x080001a2   0x080001a2   0x00000000   Code   RO         3654    .ARM.Collect$$libinit$$00000011  c_w.l(libinit2.o)
    0x080001a2   0x080001a2   0x00000000   Code   RO         3656    .ARM.Collect$$libinit$$00000013  c_w.l(libinit2.o)
    0x080001a2   0x080001a2   0x00000000   Code   RO         3658    .ARM.Collect$$libinit$$00000015  c_w.l(libinit2.o)
    0x080001a2   0x080001a2   0x00000000   Code   RO         3660    .ARM.Collect$$libinit$$00000017  c_w.l(libinit2.o)
    0x080001a2   0x080001a2   0x00000000   Code   RO         3662    .ARM.Collect$$libinit$$00000019  c_w.l(libinit2.o)
    0x080001a2   0x080001a2   0x00000000   Code   RO         3664    .ARM.Collect$$libinit$$0000001B  c_w.l(libinit2.o)
    0x080001a2   0x080001a2   0x00000000   Code   RO         3666    .ARM.Collect$$libinit$$0000001D  c_w.l(libinit2.o)
    0x080001a2   0x080001a2   0x00000000   Code   RO         3668    .ARM.Collect$$libinit$$0000001F  c_w.l(libinit2.o)
    0x080001a2   0x080001a2   0x00000000   Code   RO         3670    .ARM.Collect$$libinit$$00000021  c_w.l(libinit2.o)
    0x080001a2   0x080001a2   0x00000000   Code   RO         3672    .ARM.Collect$$libinit$$00000023  c_w.l(libinit2.o)
    0x080001a2   0x080001a2   0x00000000   Code   RO         3674    .ARM.Collect$$libinit$$00000025  c_w.l(libinit2.o)
    0x080001a2   0x080001a2   0x00000000   Code   RO         3678    .ARM.Collect$$libinit$$0000002C  c_w.l(libinit2.o)
    0x080001a2   0x080001a2   0x00000000   Code   RO         3680    .ARM.Collect$$libinit$$0000002E  c_w.l(libinit2.o)
    0x080001a2   0x080001a2   0x00000000   Code   RO         3682    .ARM.Collect$$libinit$$00000030  c_w.l(libinit2.o)
    0x080001a2   0x080001a2   0x00000000   Code   RO         3684    .ARM.Collect$$libinit$$00000032  c_w.l(libinit2.o)
    0x080001a2   0x080001a2   0x00000002   Code   RO         3685    .ARM.Collect$$libinit$$00000033  c_w.l(libinit2.o)
    0x080001a4   0x080001a4   0x00000002   Code   RO         3705    .ARM.Collect$$libshutdown$$00000000  c_w.l(libshutdown.o)
    0x080001a6   0x080001a6   0x00000000   Code   RO         3718    .ARM.Collect$$libshutdown$$00000002  c_w.l(libshutdown2.o)
    0x080001a6   0x080001a6   0x00000000   Code   RO         3720    .ARM.Collect$$libshutdown$$00000004  c_w.l(libshutdown2.o)
    0x080001a6   0x080001a6   0x00000000   Code   RO         3723    .ARM.Collect$$libshutdown$$00000007  c_w.l(libshutdown2.o)
    0x080001a6   0x080001a6   0x00000000   Code   RO         3726    .ARM.Collect$$libshutdown$$0000000A  c_w.l(libshutdown2.o)
    0x080001a6   0x080001a6   0x00000000   Code   RO         3728    .ARM.Collect$$libshutdown$$0000000C  c_w.l(libshutdown2.o)
    0x080001a6   0x080001a6   0x00000000   Code   RO         3731    .ARM.Collect$$libshutdown$$0000000F  c_w.l(libshutdown2.o)
    0x080001a6   0x080001a6   0x00000002   Code   RO         3732    .ARM.Collect$$libshutdown$$00000010  c_w.l(libshutdown2.o)
    0x080001a8   0x080001a8   0x00000000   Code   RO         3595    .ARM.Collect$$rtentry$$00000000  c_w.l(__rtentry.o)
    0x080001a8   0x080001a8   0x00000000   Code   RO         3608    .ARM.Collect$$rtentry$$00000002  c_w.l(__rtentry2.o)
    0x080001a8   0x080001a8   0x00000006   Code   RO         3620    .ARM.Collect$$rtentry$$00000004  c_w.l(__rtentry4.o)
    0x080001ae   0x080001ae   0x00000000   Code   RO         3610    .ARM.Collect$$rtentry$$00000009  c_w.l(__rtentry2.o)
    0x080001ae   0x080001ae   0x00000004   Code   RO         3611    .ARM.Collect$$rtentry$$0000000A  c_w.l(__rtentry2.o)
    0x080001b2   0x080001b2   0x00000000   Code   RO         3613    .ARM.Collect$$rtentry$$0000000C  c_w.l(__rtentry2.o)
    0x080001b2   0x080001b2   0x00000008   Code   RO         3614    .ARM.Collect$$rtentry$$0000000D  c_w.l(__rtentry2.o)
    0x080001ba   0x080001ba   0x00000002   Code   RO         3639    .ARM.Collect$$rtexit$$00000000  c_w.l(rtexit.o)
    0x080001bc   0x080001bc   0x00000000   Code   RO         3687    .ARM.Collect$$rtexit$$00000002  c_w.l(rtexit2.o)
    0x080001bc   0x080001bc   0x00000004   Code   RO         3688    .ARM.Collect$$rtexit$$00000003  c_w.l(rtexit2.o)
    0x080001c0   0x080001c0   0x00000006   Code   RO         3689    .ARM.Collect$$rtexit$$00000004  c_w.l(rtexit2.o)
    0x080001c6   0x080001c6   0x00000002   PAD
    0x080001c8   0x080001c8   0x00000040   Code   RO            4    .text               startup_stm32f103xb.o
    0x08000208   0x08000208   0x0000004e   Code   RO         3547    .text               c_w.l(rt_memclr_w.o)
    0x08000256   0x08000256   0x00000006   Code   RO         3549    .text               c_w.l(heapauxi.o)
    0x0800025c   0x0800025c   0x0000004a   Code   RO         3624    .text               c_w.l(sys_stackheap_outer.o)
    0x080002a6   0x080002a6   0x00000012   Code   RO         3626    .text               c_w.l(exit.o)
    0x080002b8   0x080002b8   0x00000008   Code   RO         3636    .text               c_w.l(libspace.o)
    0x080002c0   0x080002c0   0x0000000c   Code   RO         3697    .text               c_w.l(sys_exit.o)
    0x080002cc   0x080002cc   0x00000002   Code   RO         3708    .text               c_w.l(use_no_semi.o)
    0x080002ce   0x080002ce   0x00000000   Code   RO         3710    .text               c_w.l(indicate_semi.o)
    0x080002ce   0x080002ce   0x00000002   PAD
    0x080002d0   0x080002d0   0x00000056   Code   RO          386    i.ADC_ConversionStop_Disable  stm32f1xx_hal_adc.o
    0x08000326   0x08000326   0x00000002   PAD
    0x08000328   0x08000328   0x0000007c   Code   RO          390    i.ADC_Enable        stm32f1xx_hal_adc.o
    0x080003a4   0x080003a4   0x00000024   Code   RO           13    i.ADC_Select_CH     main.o
    0x080003c8   0x080003c8   0x00000002   Code   RO          190    i.BusFault_Handler  stm32f1xx_it.o
    0x080003ca   0x080003ca   0x00000002   Code   RO          191    i.DebugMon_Handler  stm32f1xx_it.o
    0x080003cc   0x080003cc   0x000000fc   Code   RO          392    i.HAL_ADC_ConfigChannel  stm32f1xx_hal_adc.o
    0x080004c8   0x080004c8   0x00000006   Code   RO          399    i.HAL_ADC_GetValue  stm32f1xx_hal_adc.o
    0x080004ce   0x080004ce   0x00000002   PAD
    0x080004d0   0x080004d0   0x0000011c   Code   RO          401    i.HAL_ADC_Init      stm32f1xx_hal_adc.o
    0x080005ec   0x080005ec   0x00000058   Code   RO          273    i.HAL_ADC_MspInit   stm32f1xx_hal_msp.o
    0x08000644   0x08000644   0x0000013c   Code   RO          405    i.HAL_ADC_PollForConversion  stm32f1xx_hal_adc.o
    0x08000780   0x08000780   0x000000c0   Code   RO          407    i.HAL_ADC_Start     stm32f1xx_hal_adc.o
    0x08000840   0x08000840   0x00000034   Code   RO          410    i.HAL_ADC_Stop      stm32f1xx_hal_adc.o
    0x08000874   0x08000874   0x00000024   Code   RO          669    i.HAL_Delay         stm32f1xx_hal.o
    0x08000898   0x08000898   0x000001e0   Code   RO          977    i.HAL_GPIO_Init     stm32f1xx_hal_gpio.o
    0x08000a78   0x08000a78   0x00000010   Code   RO          980    i.HAL_GPIO_TogglePin  stm32f1xx_hal_gpio.o
    0x08000a88   0x08000a88   0x0000000a   Code   RO          981    i.HAL_GPIO_WritePin  stm32f1xx_hal_gpio.o
    0x08000a92   0x08000a92   0x00000002   PAD
    0x08000a94   0x08000a94   0x0000000c   Code   RO          673    i.HAL_GetTick       stm32f1xx_hal.o
    0x08000aa0   0x08000aa0   0x00000188   Code   RO         1648    i.HAL_I2C_Init      stm32f1xx_hal_i2c.o
    0x08000c28   0x08000c28   0x00000130   Code   RO         1669    i.HAL_I2C_Mem_Write  stm32f1xx_hal_i2c.o
    0x08000d58   0x08000d58   0x0000005c   Code   RO          275    i.HAL_I2C_MspInit   stm32f1xx_hal_msp.o
    0x08000db4   0x08000db4   0x00000010   Code   RO          679    i.HAL_IncTick       stm32f1xx_hal.o
    0x08000dc4   0x08000dc4   0x00000024   Code   RO          680    i.HAL_Init          stm32f1xx_hal.o
    0x08000de8   0x08000de8   0x00000040   Code   RO          681    i.HAL_InitTick      stm32f1xx_hal.o
    0x08000e28   0x08000e28   0x0000003c   Code   RO          276    i.HAL_MspInit       stm32f1xx_hal_msp.o
    0x08000e64   0x08000e64   0x0000001a   Code   RO         1137    i.HAL_NVIC_EnableIRQ  stm32f1xx_hal_cortex.o
    0x08000e7e   0x08000e7e   0x00000002   PAD
    0x08000e80   0x08000e80   0x00000040   Code   RO         1143    i.HAL_NVIC_SetPriority  stm32f1xx_hal_cortex.o
    0x08000ec0   0x08000ec0   0x00000024   Code   RO         1144    i.HAL_NVIC_SetPriorityGrouping  stm32f1xx_hal_cortex.o
    0x08000ee4   0x08000ee4   0x000000c8   Code   RO          939    i.HAL_RCCEx_GetPeriphCLKFreq  stm32f1xx_hal_rcc_ex.o
    0x08000fac   0x08000fac   0x000000ec   Code   RO          940    i.HAL_RCCEx_PeriphCLKConfig  stm32f1xx_hal_rcc_ex.o
    0x08001098   0x08001098   0x0000012c   Code   RO          837    i.HAL_RCC_ClockConfig  stm32f1xx_hal_rcc.o
    0x080011c4   0x080011c4   0x00000020   Code   RO          844    i.HAL_RCC_GetPCLK1Freq  stm32f1xx_hal_rcc.o
    0x080011e4   0x080011e4   0x00000020   Code   RO          845    i.HAL_RCC_GetPCLK2Freq  stm32f1xx_hal_rcc.o
    0x08001204   0x08001204   0x0000006c   Code   RO          846    i.HAL_RCC_GetSysClockFreq  stm32f1xx_hal_rcc.o
    0x08001270   0x08001270   0x00000320   Code   RO          849    i.HAL_RCC_OscConfig  stm32f1xx_hal_rcc.o
    0x08001590   0x08001590   0x00000028   Code   RO         1148    i.HAL_SYSTICK_Config  stm32f1xx_hal_cortex.o
    0x080015b8   0x080015b8   0x00000002   Code   RO         2775    i.HAL_TIMEx_BreakCallback  stm32f1xx_hal_tim_ex.o
    0x080015ba   0x080015ba   0x00000002   Code   RO         2776    i.HAL_TIMEx_CommutCallback  stm32f1xx_hal_tim_ex.o
    0x080015bc   0x080015bc   0x00000068   Code   RO         2794    i.HAL_TIMEx_MasterConfigSynchronization  stm32f1xx_hal_tim_ex.o
    0x08001624   0x08001624   0x0000005a   Code   RO         2071    i.HAL_TIM_Base_Init  stm32f1xx_hal_tim.o
    0x0800167e   0x0800167e   0x00000002   PAD
    0x08001680   0x08001680   0x00000038   Code   RO          278    i.HAL_TIM_Base_MspInit  stm32f1xx_hal_msp.o
    0x080016b8   0x080016b8   0x00000058   Code   RO         2076    i.HAL_TIM_Base_Start_IT  stm32f1xx_hal_tim.o
    0x08001710   0x08001710   0x000000d6   Code   RO         2080    i.HAL_TIM_ConfigClockSource  stm32f1xx_hal_tim.o
    0x080017e6   0x080017e6   0x00000002   Code   RO         2105    i.HAL_TIM_IC_CaptureCallback  stm32f1xx_hal_tim.o
    0x080017e8   0x080017e8   0x00000166   Code   RO         2119    i.HAL_TIM_IRQHandler  stm32f1xx_hal_tim.o
    0x0800194e   0x0800194e   0x00000002   PAD
    0x08001950   0x08001950   0x00000048   Code   RO          279    i.HAL_TIM_MspPostInit  stm32f1xx_hal_msp.o
    0x08001998   0x08001998   0x0000004c   Code   RO         2120    i.HAL_TIM_OC_ConfigChannel  stm32f1xx_hal_tim.o
    0x080019e4   0x080019e4   0x00000104   Code   RO           15    i.HAL_TIM_OC_DelayElapsedCallback  main.o
    0x08001ae8   0x08001ae8   0x0000005a   Code   RO         2124    i.HAL_TIM_OC_Init   stm32f1xx_hal_tim.o
    0x08001b42   0x08001b42   0x00000002   Code   RO         2126    i.HAL_TIM_OC_MspInit  stm32f1xx_hal_tim.o
    0x08001b44   0x08001b44   0x000000c4   Code   RO         2129    i.HAL_TIM_OC_Start_IT  stm32f1xx_hal_tim.o
    0x08001c08   0x08001c08   0x000000c6   Code   RO         2143    i.HAL_TIM_PWM_ConfigChannel  stm32f1xx_hal_tim.o
    0x08001cce   0x08001cce   0x0000005a   Code   RO         2146    i.HAL_TIM_PWM_Init  stm32f1xx_hal_tim.o
    0x08001d28   0x08001d28   0x00000002   Code   RO         2148    i.HAL_TIM_PWM_MspInit  stm32f1xx_hal_tim.o
    0x08001d2a   0x08001d2a   0x00000002   Code   RO         2149    i.HAL_TIM_PWM_PulseFinishedCallback  stm32f1xx_hal_tim.o
    0x08001d2c   0x08001d2c   0x0000009c   Code   RO         2151    i.HAL_TIM_PWM_Start  stm32f1xx_hal_tim.o
    0x08001dc8   0x08001dc8   0x00000002   Code   RO         2157    i.HAL_TIM_PeriodElapsedCallback  stm32f1xx_hal_tim.o
    0x08001dca   0x08001dca   0x00000002   Code   RO         2162    i.HAL_TIM_TriggerCallback  stm32f1xx_hal_tim.o
    0x08001dcc   0x08001dcc   0x00000062   Code   RO         3071    i.HAL_UART_Init     stm32f1xx_hal_uart.o
    0x08001e2e   0x08001e2e   0x00000002   PAD
    0x08001e30   0x08001e30   0x00000070   Code   RO          281    i.HAL_UART_MspInit  stm32f1xx_hal_msp.o
    0x08001ea0   0x08001ea0   0x00000002   Code   RO          192    i.HardFault_Handler  stm32f1xx_it.o
    0x08001ea2   0x08001ea2   0x0000002e   Code   RO         1690    i.I2C_IsAcknowledgeFailed  stm32f1xx_hal_i2c.o
    0x08001ed0   0x08001ed0   0x000000a8   Code   RO         1701    i.I2C_RequestMemoryWrite  stm32f1xx_hal_i2c.o
    0x08001f78   0x08001f78   0x0000004c   Code   RO         1705    i.I2C_WaitOnBTFFlagUntilTimeout  stm32f1xx_hal_i2c.o
    0x08001fc4   0x08001fc4   0x00000068   Code   RO         1706    i.I2C_WaitOnFlagUntilTimeout  stm32f1xx_hal_i2c.o
    0x0800202c   0x0800202c   0x00000096   Code   RO         1707    i.I2C_WaitOnMasterAddressFlagUntilTimeout  stm32f1xx_hal_i2c.o
    0x080020c2   0x080020c2   0x0000004c   Code   RO         1709    i.I2C_WaitOnTXEFlagUntilTimeout  stm32f1xx_hal_i2c.o
    0x0800210e   0x0800210e   0x00000002   PAD
    0x08002110   0x08002110   0x0000004c   Code   RO           16    i.MX_ADC1_Init      main.o
    0x0800215c   0x0800215c   0x00000080   Code   RO           17    i.MX_GPIO_Init      main.o
    0x080021dc   0x080021dc   0x000000bc   Code   RO           18    i.MX_TIM2_Init      main.o
    0x08002298   0x08002298   0x00000002   Code   RO          193    i.MemManage_Handler  stm32f1xx_it.o
    0x0800229a   0x0800229a   0x00000002   Code   RO          194    i.NMI_Handler       stm32f1xx_it.o
    0x0800229c   0x0800229c   0x00000006   Code   RO         3437    i.OLED_CLS          oled.o
    0x080022a2   0x080022a2   0x00000002   PAD
    0x080022a4   0x080022a4   0x00000038   Code   RO         3439    i.OLED_Fill         oled.o
    0x080022dc   0x080022dc   0x000000b4   Code   RO         3440    i.OLED_Init         oled.o
    0x08002390   0x08002390   0x00000026   Code   RO         3443    i.OLED_SetPos       oled.o
    0x080023b6   0x080023b6   0x00000002   PAD
    0x080023b8   0x080023b8   0x0000004c   Code   RO         3444    i.OLED_ShowCN       oled.o
    0x08002404   0x08002404   0x00000002   Code   RO          195    i.PendSV_Handler    stm32f1xx_it.o
    0x08002406   0x08002406   0x00000002   Code   RO          196    i.SVC_Handler       stm32f1xx_it.o
    0x08002408   0x08002408   0x00000004   Code   RO          197    i.SysTick_Handler   stm32f1xx_it.o
    0x0800240c   0x0800240c   0x00000078   Code   RO           19    i.SystemClock_Config  main.o
    0x08002484   0x08002484   0x00000002   Code   RO         3400    i.SystemInit        system_stm32f1xx.o
    0x08002486   0x08002486   0x00000002   PAD
    0x08002488   0x08002488   0x0000000c   Code   RO          198    i.TIM2_IRQHandler   stm32f1xx_it.o
    0x08002494   0x08002494   0x0000006c   Code   RO         2164    i.TIM_Base_SetConfig  stm32f1xx_hal_tim.o
    0x08002500   0x08002500   0x0000001a   Code   RO         2165    i.TIM_CCxChannelCmd  stm32f1xx_hal_tim.o
    0x0800251a   0x0800251a   0x00000014   Code   RO         2175    i.TIM_ETR_SetConfig  stm32f1xx_hal_tim.o
    0x0800252e   0x0800252e   0x00000010   Code   RO         2176    i.TIM_ITRx_SetConfig  stm32f1xx_hal_tim.o
    0x0800253e   0x0800253e   0x00000002   PAD
    0x08002540   0x08002540   0x00000050   Code   RO         2177    i.TIM_OC1_SetConfig  stm32f1xx_hal_tim.o
    0x08002590   0x08002590   0x00000058   Code   RO         2178    i.TIM_OC2_SetConfig  stm32f1xx_hal_tim.o
    0x080025e8   0x080025e8   0x00000058   Code   RO         2179    i.TIM_OC3_SetConfig  stm32f1xx_hal_tim.o
    0x08002640   0x08002640   0x00000044   Code   RO         2180    i.TIM_OC4_SetConfig  stm32f1xx_hal_tim.o
    0x08002684   0x08002684   0x00000022   Code   RO         2182    i.TIM_TI1_ConfigInputStage  stm32f1xx_hal_tim.o
    0x080026a6   0x080026a6   0x00000024   Code   RO         2184    i.TIM_TI2_ConfigInputStage  stm32f1xx_hal_tim.o
    0x080026ca   0x080026ca   0x00000002   PAD
    0x080026cc   0x080026cc   0x000000b8   Code   RO         3097    i.UART_SetConfig    stm32f1xx_hal_uart.o
    0x08002784   0x08002784   0x00000002   Code   RO          199    i.UsageFault_Handler  stm32f1xx_it.o
    0x08002786   0x08002786   0x00000002   PAD
    0x08002788   0x08002788   0x00000024   Code   RO         3448    i.WriteCmd          oled.o
    0x080027ac   0x080027ac   0x00000024   Code   RO         3449    i.WriteDat          oled.o
    0x080027d0   0x080027d0   0x00000020   Code   RO         1150    i.__NVIC_SetPriority  stm32f1xx_hal_cortex.o
    0x080027f0   0x080027f0   0x000000fc   Code   RO           20    i.adc_scan          main.o
    0x080028ec   0x080028ec   0x000000b8   Code   RO           21    i.main              main.o
    0x080029a4   0x080029a4   0x000000e8   Code   RO           22    i.oled_show         main.o
    0x08002a8c   0x08002a8c   0x00000150   Code   RO         3553    x$fpl$dadd          fz_ws.l(daddsub_clz.o)
    0x08002bdc   0x08002bdc   0x0000005a   Code   RO         3559    x$fpl$dfixu         fz_ws.l(dfixu.o)
    0x08002c36   0x08002c36   0x00000026   Code   RO         3563    x$fpl$dfltu         fz_ws.l(dflt_clz.o)
    0x08002c5c   0x08002c5c   0x00000154   Code   RO         3569    x$fpl$dmul          fz_ws.l(dmul.o)
    0x08002db0   0x08002db0   0x0000009c   Code   RO         3596    x$fpl$dnaninf       fz_ws.l(dnaninf.o)
    0x08002e4c   0x08002e4c   0x0000000c   Code   RO         3598    x$fpl$dretinf       fz_ws.l(dretinf.o)
    0x08002e58   0x08002e58   0x000001d4   Code   RO         3555    x$fpl$dsub          fz_ws.l(daddsub_clz.o)
    0x0800302c   0x0800302c   0x000000c4   Code   RO         3571    x$fpl$fadd          fz_ws.l(faddsub_clz.o)
    0x080030f0   0x080030f0   0x0000000c   Code   RO         3600    x$fpl$fcheck1       fz_ws.l(fcheck1.o)
    0x080030fc   0x080030fc   0x00000036   Code   RO         3577    x$fpl$ffix          fz_ws.l(ffix.o)
    0x08003132   0x08003132   0x00000002   PAD
    0x08003134   0x08003134   0x0000003e   Code   RO         3581    x$fpl$ffixu         fz_ws.l(ffixu.o)
    0x08003172   0x08003172   0x00000002   PAD
    0x08003174   0x08003174   0x00000030   Code   RO         3586    x$fpl$fflt          fz_ws.l(fflt_clz.o)
    0x080031a4   0x080031a4   0x00000026   Code   RO         3585    x$fpl$ffltu         fz_ws.l(fflt_clz.o)
    0x080031ca   0x080031ca   0x00000002   PAD
    0x080031cc   0x080031cc   0x00000102   Code   RO         3591    x$fpl$fmul          fz_ws.l(fmul.o)
    0x080032ce   0x080032ce   0x0000008c   Code   RO         3602    x$fpl$fnaninf       fz_ws.l(fnaninf.o)
    0x0800335a   0x0800335a   0x0000000a   Code   RO         3604    x$fpl$fretinf       fz_ws.l(fretinf.o)
    0x08003364   0x08003364   0x000000ea   Code   RO         3573    x$fpl$fsub          fz_ws.l(faddsub_clz.o)
    0x0800344e   0x0800344e   0x00000064   Code   RO         3622    x$fpl$retnan        fz_ws.l(retnan.o)
    0x080034b2   0x080034b2   0x0000004c   Code   RO         3593    x$fpl$scalbnf       fz_ws.l(scalbnf.o)
    0x080034fe   0x080034fe   0x00000030   Code   RO         3634    x$fpl$trapveneer    fz_ws.l(trapv.o)
    0x0800352e   0x0800352e   0x00000000   Code   RO         3606    x$fpl$usenofp       fz_ws.l(usenofp.o)
    0x0800352e   0x0800352e   0x00000010   Data   RO         3401    .constdata          system_stm32f1xx.o
    0x0800353e   0x0800353e   0x00000008   Data   RO         3402    .constdata          system_stm32f1xx.o
    0x08003546   0x08003546   0x00000002   PAD
    0x08003548   0x08003548   0x00000020   Data   RO         3763    Region$$Table       anon$$obj.o


    Execution Region RW_IRAM1 (Exec base: 0x20000000, Load base: 0x08003568, Size: 0x00000db8, Max: 0x00005000, ABSOLUTE, COMPRESSED[0x000001d4])

    Exec Addr    Load Addr    Size         Type   Attr      Idx    E Section Name        Object

    0x20000000   COMPRESSED   0x00000034   Data   RW           24    .data               main.o
    0x20000034   COMPRESSED   0x0000000c   Data   RW          687    .data               stm32f1xx_hal.o
    0x20000040   COMPRESSED   0x00000004   Data   RW         3403    .data               system_stm32f1xx.o
    0x20000044   COMPRESSED   0x00000600   Data   RW         3452    .data               oled.o
    0x20000644        -       0x00000110   Zero   RW           23    .bss                main.o
    0x20000754        -       0x00000060   Zero   RW         3637    .bss                c_w.l(libspace.o)
    0x200007b4   COMPRESSED   0x00000004   PAD
    0x200007b8        -       0x00000200   Zero   RW            2    HEAP                startup_stm32f103xb.o
    0x200009b8        -       0x00000400   Zero   RW            1    STACK               startup_stm32f103xb.o


==============================================================================

Image component sizes


      Code (inc. data)   RO Data    RW Data    ZI Data      Debug   Object Name

      1476        102          0         52        272     455597   main.o
       428         18          0       1536          0       4779   oled.o
        64         26        236          0       1536        828   startup_stm32f103xb.o
       164         28          0         12          0       6129   stm32f1xx_hal.o
      1312         54          0          0          0       7491   stm32f1xx_hal_adc.o
       198         14          0          0          0      29127   stm32f1xx_hal_cortex.o
       506         34          0          0          0       3613   stm32f1xx_hal_gpio.o
      1316         32          0          0          0       9455   stm32f1xx_hal_i2c.o
       480         60          0          0          0       4370   stm32f1xx_hal_msp.o
      1272        100          0          0          0       5368   stm32f1xx_hal_rcc.o
       436         46          0          0          0       2621   stm32f1xx_hal_rcc_ex.o
      2132         70          0          0          0      19504   stm32f1xx_hal_tim.o
       108         12          0          0          0       2485   stm32f1xx_hal_tim_ex.o
       282          6          0          0          0       1964   stm32f1xx_hal_uart.o
        32          6          0          0          0       4572   stm32f1xx_it.o
         2          0         24          4          0       1195   system_stm32f1xx.o

    ----------------------------------------------------------------------
     10236        608        294       1604       1808     559098   Object Totals
         0          0         32          0          0          0   (incl. Generated)
        28          0          2          0          0          0   (incl. Padding)

    ----------------------------------------------------------------------

      Code (inc. data)   RO Data    RW Data    ZI Data      Debug   Library Member Name

        90          0          0          0          0          0   __dczerorl2.o
         8          0          0          0          0         68   __main.o
         0          0          0          0          0          0   __rtentry.o
        12          0          0          0          0          0   __rtentry2.o
         6          0          0          0          0          0   __rtentry4.o
        52          8          0          0          0          0   __scatter.o
        28          0          0          0          0          0   __scatter_zi.o
        18          0          0          0          0         80   exit.o
         6          0          0          0          0        152   heapauxi.o
         0          0          0          0          0          0   indicate_semi.o
         2          0          0          0          0          0   libinit.o
         2          0          0          0          0          0   libinit2.o
         2          0          0          0          0          0   libshutdown.o
         2          0          0          0          0          0   libshutdown2.o
         8          4          0          0         96         68   libspace.o
        78          0          0          0          0         80   rt_memclr_w.o
         2          0          0          0          0          0   rtexit.o
        10          0          0          0          0          0   rtexit2.o
        12          4          0          0          0         68   sys_exit.o
        74          0          0          0          0         80   sys_stackheap_outer.o
         2          0          0          0          0         68   use_no_semi.o
       804         16          0          0          0        272   daddsub_clz.o
        90          4          0          0          0         92   dfixu.o
        38          0          0          0          0         68   dflt_clz.o
       340         12          0          0          0        104   dmul.o
       156          4          0          0          0         92   dnaninf.o
        12          0          0          0          0         68   dretinf.o
       430          8          0          0          0        168   faddsub_clz.o
        12          4          0          0          0         68   fcheck1.o
        54          4          0          0          0         84   ffix.o
        62          4          0          0          0         84   ffixu.o
        86          0          0          0          0        136   fflt_clz.o
       258          4          0          0          0         84   fmul.o
       140          4          0          0          0         84   fnaninf.o
        10          0          0          0          0         68   fretinf.o
       100          0          0          0          0         68   retnan.o
        76          0          0          0          0         68   scalbnf.o
        48          0          0          0          0         68   trapv.o
         0          0          0          0          0          0   usenofp.o

    ----------------------------------------------------------------------
      3142         80          0          0        100       2340   Library Totals
        12          0          0          0          4          0   (incl. Padding)

    ----------------------------------------------------------------------

      Code (inc. data)   RO Data    RW Data    ZI Data      Debug   Library Name

       414         16          0          0         96        664   c_w.l
      2716         64          0          0          0       1676   fz_ws.l

    ----------------------------------------------------------------------
      3142         80          0          0        100       2340   Library Totals

    ----------------------------------------------------------------------

==============================================================================


      Code (inc. data)   RO Data    RW Data    ZI Data      Debug   

     13378        688        294       1604       1908     555246   Grand Totals
     13378        688        294        468       1908     555246   ELF Image Totals (compressed)
     13378        688        294        468          0          0   ROM Totals

==============================================================================

    Total RO  Size (Code + RO Data)                13672 (  13.35kB)
    Total RW  Size (RW Data + ZI Data)              3512 (   3.43kB)
    Total ROM Size (Code + RO Data + RW Data)      14140 (  13.81kB)

==============================================================================

